Archive member included to satisfy reference by file (symbol)

/Applications/STM32CubeIDE.app/Contents/Eclipse/plugins/com.st.stm32cube.ide.mcu.externaltools.gnu-tools-for-stm32.12.3.rel1.macos64_1.0.100.202403111906/tools/bin/../lib/gcc/arm-none-eabi/12.3.1/../../../../arm-none-eabi/lib/thumb/v7e-m+fp/hard/libc_nano.a(libc_a-exit.o)
                              /Applications/STM32CubeIDE.app/Contents/Eclipse/plugins/com.st.stm32cube.ide.mcu.externaltools.gnu-tools-for-stm32.12.3.rel1.macos64_1.0.100.202403111906/tools/bin/../lib/gcc/arm-none-eabi/12.3.1/../../../../arm-none-eabi/lib/thumb/v7e-m+fp/hard/crt0.o (exit)
/Applications/STM32CubeIDE.app/Contents/Eclipse/plugins/com.st.stm32cube.ide.mcu.externaltools.gnu-tools-for-stm32.12.3.rel1.macos64_1.0.100.202403111906/tools/bin/../lib/gcc/arm-none-eabi/12.3.1/../../../../arm-none-eabi/lib/thumb/v7e-m+fp/hard/libc_nano.a(libc_a-findfp.o)
                              /Applications/STM32CubeIDE.app/Contents/Eclipse/plugins/com.st.stm32cube.ide.mcu.externaltools.gnu-tools-for-stm32.12.3.rel1.macos64_1.0.100.202403111906/tools/bin/../lib/gcc/arm-none-eabi/12.3.1/../../../../arm-none-eabi/lib/thumb/v7e-m+fp/hard/libc_nano.a(libc_a-exit.o) (__stdio_exit_handler)
/Applications/STM32CubeIDE.app/Contents/Eclipse/plugins/com.st.stm32cube.ide.mcu.externaltools.gnu-tools-for-stm32.12.3.rel1.macos64_1.0.100.202403111906/tools/bin/../lib/gcc/arm-none-eabi/12.3.1/../../../../arm-none-eabi/lib/thumb/v7e-m+fp/hard/libc_nano.a(libc_a-fwalk.o)
                              /Applications/STM32CubeIDE.app/Contents/Eclipse/plugins/com.st.stm32cube.ide.mcu.externaltools.gnu-tools-for-stm32.12.3.rel1.macos64_1.0.100.202403111906/tools/bin/../lib/gcc/arm-none-eabi/12.3.1/../../../../arm-none-eabi/lib/thumb/v7e-m+fp/hard/libc_nano.a(libc_a-findfp.o) (_fwalk_sglue)
/Applications/STM32CubeIDE.app/Contents/Eclipse/plugins/com.st.stm32cube.ide.mcu.externaltools.gnu-tools-for-stm32.12.3.rel1.macos64_1.0.100.202403111906/tools/bin/../lib/gcc/arm-none-eabi/12.3.1/../../../../arm-none-eabi/lib/thumb/v7e-m+fp/hard/libc_nano.a(libc_a-memset.o)
                              /Applications/STM32CubeIDE.app/Contents/Eclipse/plugins/com.st.stm32cube.ide.mcu.externaltools.gnu-tools-for-stm32.12.3.rel1.macos64_1.0.100.202403111906/tools/bin/../lib/gcc/arm-none-eabi/12.3.1/../../../../arm-none-eabi/lib/thumb/v7e-m+fp/hard/crt0.o (memset)
/Applications/STM32CubeIDE.app/Contents/Eclipse/plugins/com.st.stm32cube.ide.mcu.externaltools.gnu-tools-for-stm32.12.3.rel1.macos64_1.0.100.202403111906/tools/bin/../lib/gcc/arm-none-eabi/12.3.1/../../../../arm-none-eabi/lib/thumb/v7e-m+fp/hard/libc_nano.a(libc_a-impure.o)
                              /Applications/STM32CubeIDE.app/Contents/Eclipse/plugins/com.st.stm32cube.ide.mcu.externaltools.gnu-tools-for-stm32.12.3.rel1.macos64_1.0.100.202403111906/tools/bin/../lib/gcc/arm-none-eabi/12.3.1/../../../../arm-none-eabi/lib/thumb/v7e-m+fp/hard/libc_nano.a(libc_a-findfp.o) (_impure_data)
/Applications/STM32CubeIDE.app/Contents/Eclipse/plugins/com.st.stm32cube.ide.mcu.externaltools.gnu-tools-for-stm32.12.3.rel1.macos64_1.0.100.202403111906/tools/bin/../lib/gcc/arm-none-eabi/12.3.1/../../../../arm-none-eabi/lib/thumb/v7e-m+fp/hard/libc_nano.a(libc_a-errno.o)
                              ./Core/Src/syscalls.o (__errno)
/Applications/STM32CubeIDE.app/Contents/Eclipse/plugins/com.st.stm32cube.ide.mcu.externaltools.gnu-tools-for-stm32.12.3.rel1.macos64_1.0.100.202403111906/tools/bin/../lib/gcc/arm-none-eabi/12.3.1/../../../../arm-none-eabi/lib/thumb/v7e-m+fp/hard/libc_nano.a(libc_a-init.o)
                              /Applications/STM32CubeIDE.app/Contents/Eclipse/plugins/com.st.stm32cube.ide.mcu.externaltools.gnu-tools-for-stm32.12.3.rel1.macos64_1.0.100.202403111906/tools/bin/../lib/gcc/arm-none-eabi/12.3.1/../../../../arm-none-eabi/lib/thumb/v7e-m+fp/hard/crt0.o (__libc_init_array)
/Applications/STM32CubeIDE.app/Contents/Eclipse/plugins/com.st.stm32cube.ide.mcu.externaltools.gnu-tools-for-stm32.12.3.rel1.macos64_1.0.100.202403111906/tools/bin/../lib/gcc/arm-none-eabi/12.3.1/../../../../arm-none-eabi/lib/thumb/v7e-m+fp/hard/libc_nano.a(libc_a-lock.o)
                              /Applications/STM32CubeIDE.app/Contents/Eclipse/plugins/com.st.stm32cube.ide.mcu.externaltools.gnu-tools-for-stm32.12.3.rel1.macos64_1.0.100.202403111906/tools/bin/../lib/gcc/arm-none-eabi/12.3.1/../../../../arm-none-eabi/lib/thumb/v7e-m+fp/hard/libc_nano.a(libc_a-findfp.o) (__retarget_lock_init_recursive)
/Applications/STM32CubeIDE.app/Contents/Eclipse/plugins/com.st.stm32cube.ide.mcu.externaltools.gnu-tools-for-stm32.12.3.rel1.macos64_1.0.100.202403111906/tools/bin/../lib/gcc/arm-none-eabi/12.3.1/../../../../arm-none-eabi/lib/thumb/v7e-m+fp/hard/libc_nano.a(libc_a-mallocr.o)
[...]
Memory Configuration

Name             Origin             Length             Attributes
RAM              0x20000000         0x00020000         xrw
FLASH            0x08000000         0x00080000         xr
*default*        0x00000000         0xffffffff

Linker script and memory map

LOAD /Applications/STM32CubeIDE.app/Contents/Eclipse/plugins/com.st.stm32cube.ide.mcu.externaltools.gnu-tools-for-stm32.12.3.rel1.macos64_1.0.100.202403111906/tools/bin/../lib/gcc/arm-none-eabi/12.3.1/thumb/v7e-m+fp/hard/crti.o
LOAD /Applications/STM32CubeIDE.app/Contents/Eclipse/plugins/com.st.stm32cube.ide.mcu.externaltools.gnu-tools-for-stm32.12.3.rel1.macos64_1.0.100.202403111906/tools/bin/../lib/gcc/arm-none-eabi/12.3.1/thumb/v7e-m+fp/hard/crtbegin.o
LOAD /Applications/STM32CubeIDE.app/Contents/Eclipse/plugins/com.st.stm32cube.ide.mcu.externaltools.gnu-tools-for-stm32.12.3.rel1.macos64_1.0.100.202403111906/tools/bin/../lib/gcc/arm-none-eabi/12.3.1/../../../../arm-none-eabi/lib/thumb/v7e-m+fp/hard/crt0.o
LOAD ./Core/Src/adc.o
LOAD ./Core/Src/gpio.o
LOAD ./Core/Src/main.o
LOAD ./Core/Src/spi.o
LOAD ./Core/Src/stm32f4xx_hal_msp.o
LOAD ./Core/Src/stm32f4xx_it.o
LOAD ./Core/Src/syscalls.o
LOAD ./Core/Src/sysmem.o
LOAD ./Core/Src/system_stm32f4xx.o
LOAD ./Core/Src/tim.o
LOAD ./Core/Startup/startup_stm32f411ceux.o
LOAD ./Drivers/STM32F4xx_HAL_Driver/Src/stm32f4xx_hal.o
LOAD ./Drivers/STM32F4xx_HAL_Driver/Src/stm32f4xx_hal_adc.o
LOAD ./Drivers/STM32F4xx_HAL_Driver/Src/stm32f4xx_hal_adc_ex.o
LOAD ./Drivers/STM32F4xx_HAL_Driver/Src/stm32f4xx_hal_cortex.o
LOAD ./Drivers/STM32F4xx_HAL_Driver/Src/stm32f4xx_hal_dma.o
LOAD ./Drivers/STM32F4xx_HAL_Driver/Src/stm32f4xx_hal_dma_ex.o
LOAD ./Drivers/STM32F4xx_HAL_Driver/Src/stm32f4xx_hal_exti.o
LOAD ./Drivers/STM32F4xx_HAL_Driver/Src/stm32f4xx_hal_flash.o
LOAD ./Drivers/STM32F4xx_HAL_Driver/Src/stm32f4xx_hal_flash_ex.o
LOAD ./Drivers/STM32F4xx_HAL_Driver/Src/stm32f4xx_hal_flash_ramfunc.o
LOAD ./Drivers/STM32F4xx_HAL_Driver/Src/stm32f4xx_hal_gpio.o
LOAD ./Drivers/STM32F4xx_HAL_Driver/Src/stm32f4xx_hal_pcd.o
LOAD ./Drivers/STM32F4xx_HAL_Driver/Src/stm32f4xx_hal_pcd_ex.o
LOAD ./Drivers/STM32F4xx_HAL_Driver/Src/stm32f4xx_hal_pwr.o
LOAD ./Drivers/STM32F4xx_HAL_Driver/Src/stm32f4xx_hal_pwr_ex.o
LOAD ./Drivers/STM32F4xx_HAL_Driver/Src/stm32f4xx_hal_rcc.o
LOAD ./Drivers/STM32F4xx_HAL_Driver/Src/stm32f4xx_hal_rcc_ex.o
LOAD ./Drivers/STM32F4xx_HAL_Driver/Src/stm32f4xx_hal_spi.o
LOAD ./Drivers/STM32F4xx_HAL_Driver/Src/stm32f4xx_hal_tim.o
LOAD ./Drivers/STM32F4xx_HAL_Driver/Src/stm32f4xx_hal_tim_ex.o
LOAD ./Drivers/STM32F4xx_HAL_Driver/Src/stm32f4xx_ll_adc.o
LOAD ./Drivers/STM32F4xx_HAL_Driver/Src/stm32f4xx_ll_usb.o
LOAD ./Middlewares/ST/STM32_USB_Device_Library/Class/CDC/Src/usbd_cdc.o
LOAD ./Middlewares/ST/STM32_USB_Device_Library/Core/Src/usbd_core.o
LOAD ./Middlewares/ST/STM32_USB_Device_Library/Core/Src/usbd_ctlreq.o
LOAD ./Middlewares/ST/STM32_USB_Device_Library/Core/Src/usbd_ioreq.o
LOAD ./Middlewares/Third_Party/NimaLTD_Driver/SPIF/spif.o
LOAD ./USB_DEVICE/App/usb_device.o
LOAD ./USB_DEVICE/App/usbd_cdc_if.o
LOAD ./USB_DEVICE/App/usbd_desc.o
LOAD ./USB_DEVICE/Target/usbd_conf.o
START GROUP
LOAD /Applications/STM32CubeIDE.app/Contents/Eclipse/plugins/com.st.stm32cube.ide.mcu.externaltools.gnu-tools-for-stm32.12.3.rel1.macos64_1.0.100.202403111906/tools/bin/../lib/gcc/arm-none-eabi/12.3.1/../../../../arm-none-eabi/lib/thumb/v7e-m+fp/hard/libc_nano.a
LOAD /Applications/STM32CubeIDE.app/Contents/Eclipse/plugins/com.st.stm32cube.ide.mcu.externaltools.gnu-tools-for-stm32.12.3.rel1.macos64_1.0.100.202403111906/tools/bin/../lib/gcc/arm-none-eabi/12.3.1/../../../../arm-none-eabi/lib/thumb/v7e-m+fp/hard/libm.a
END GROUP
START GROUP
LOAD /Applications/STM32CubeIDE.app/Contents/Eclipse/plugins/com.st.stm32cube.ide.mcu.externaltools.gnu-tools-for-stm32.12.3.rel1.macos64_1.0.100.202403111906/tools/bin/../lib/gcc/arm-none-eabi/12.3.1/thumb/v7e-m+fp/hard/libgcc.a
LOAD /Applications/STM32CubeIDE.app/Contents/Eclipse/plugins/com.st.stm32cube.ide.mcu.externaltools.gnu-tools-for-stm32.12.3.rel1.macos64_1.0.100.202403111906/tools/bin/../lib/gcc/arm-none-eabi/12.3.1/../../../../arm-none-eabi/lib/thumb/v7e-m+fp/hard/libc_nano.a
END GROUP
START GROUP
LOAD /Applications/STM32CubeIDE.app/Contents/Eclipse/plugins/com.st.stm32cube.ide.mcu.externaltools.gnu-tools-for-stm32.12.3.rel1.macos64_1.0.100.202403111906/tools/bin/../lib/gcc/arm-none-eabi/12.3.1/thumb/v7e-m+fp/hard/libgcc.a
LOAD /Applications/STM32CubeIDE.app/Contents/Eclipse/plugins/com.st.stm32cube.ide.mcu.externaltools.gnu-tools-for-stm32.12.3.rel1.macos64_1.0.100.202403111906/tools/bin/../lib/gcc/arm-none-eabi/12.3.1/../../../../arm-none-eabi/lib/thumb/v7e-m+fp/hard/libc_nano.a
LOAD /Applications/STM32CubeIDE.app/Contents/Eclipse/plugins/com.st.stm32cube.ide.mcu.externaltools.gnu-tools-for-stm32.12.3.rel1.macos64_1.0.100.202403111906/tools/bin/../lib/gcc/arm-none-eabi/12.3.1/../../../../arm-none-eabi/lib/thumb/v7e-m+fp/hard/libnosys.a
END GROUP
START GROUP
LOAD /Applications/STM32CubeIDE.app/Contents/Eclipse/plugins/com.st.stm32cube.ide.mcu.externaltools.gnu-tools-for-stm32.12.3.rel1.macos64_1.0.100.202403111906/tools/bin/../lib/gcc/arm-none-eabi/12.3.1/thumb/v7e-m+fp/hard/libgcc.a
LOAD /Applications/STM32CubeIDE.app/Contents/Eclipse/plugins/com.st.stm32cube.ide.mcu.externaltools.gnu-tools-for-stm32.12.3.rel1.macos64_1.0.100.202403111906/tools/bin/../lib/gcc/arm-none-eabi/12.3.1/../../../../arm-none-eabi/lib/thumb/v7e-m+fp/hard/libc_nano.a
LOAD /Applications/STM32CubeIDE.app/Contents/Eclipse/plugins/com.st.stm32cube.ide.mcu.externaltools.gnu-tools-for-stm32.12.3.rel1.macos64_1.0.100.202403111906/tools/bin/../lib/gcc/arm-none-eabi/12.3.1/../../../../arm-none-eabi/lib/thumb/v7e-m+fp/hard/libnosys.a
END GROUP
LOAD /Applications/STM32CubeIDE.app/Contents/Eclipse/plugins/com.st.stm32cube.ide.mcu.externaltools.gnu-tools-for-stm32.12.3.rel1.macos64_1.0.100.202403111906/tools/bin/../lib/gcc/arm-none-eabi/12.3.1/thumb/v7e-m+fp/hard/crtend.o
LOAD /Applications/STM32CubeIDE.app/Contents/Eclipse/plugins/com.st.stm32cube.ide.mcu.externaltools.gnu-tools-for-stm32.12.3.rel1.macos64_1.0.100.202403111906/tools/bin/../lib/gcc/arm-none-eabi/12.3.1/thumb/v7e-m+fp/hard/crtn.o
                0x20020000                        _estack = (ORIGIN (RAM) + LENGTH (RAM))
                0x00000200                        _Min_Heap_Size = 0x200
                0x00000400                        _Min_Stack_Size = 0x400

.isr_vector     0x08000000      0x198
                0x08000000                        . = ALIGN (0x4)
 *(.isr_vector)
 .isr_vector    0x08000000      0x198 ./Core/Startup/startup_stm32f411ceux.o
                0x08000000                g_pfnVectors
                0x08000198                        . = ALIGN (0x4)

.text           0x08000198     0x8104
                0x08000198                        . = ALIGN (0x4)
 *(.text)
 .text          0x08000198       0x40 /Applications/STM32CubeIDE.app/Contents/Eclipse/plugins/com.st.stm32cube.ide.mcu.externaltools.gnu-tools-for-stm32.12.3.rel1.macos64_1.0.100.202403111906/tools/bin/../lib/gcc/arm-none-eabi/12.3.1/thumb/v7e-m+fp/hard/crtbegin.o
 .text          0x080001d8       0x30 /Applications/STM32CubeIDE.app/Contents/Eclipse/plugins/com.st.stm32cube.ide.mcu.externaltools.gnu-tools-for-stm32.12.3.rel1.macos64_1.0.100.202403111906/tools/bin/../lib/gcc/arm-none-eabi/12.3.1/thumb/v7e-m+fp/hard/libgcc.a(_aeabi_uldivmod.o)
                0x080001d8                __aeabi_uldivmod
 .text          0x08000208      0x2bc /Applications/STM32CubeIDE.app/Contents/Eclipse/plugins/com.st.stm32cube.ide.mcu.externaltools.gnu-tools-for-stm32.12.3.rel1.macos64_1.0.100.202403111906/tools/bin/../lib/gcc/arm-none-eabi/12.3.1/thumb/v7e-m+fp/hard/libgcc.a(_udivmoddi4.o)
                0x08000208                __udivmoddi4
 .text          0x080004c4        0x4 /Applications/STM32CubeIDE.app/Contents/Eclipse/plugins/com.st.stm32cube.ide.mcu.externaltools.gnu-tools-for-stm32.12.3.rel1.macos64_1.0.100.202403111906/tools/bin/../lib/gcc/arm-none-eabi/12.3.1/thumb/v7e-m+fp/hard/libgcc.a(_dvmd_tls.o)
                0x080004c4                __aeabi_ldiv0
                0x080004c4                __aeabi_idiv0
 *(.text*)
 .text.MX_ADC1_Init
                0x080004c8       0xa4 ./Core/Src/adc.o
                0x080004c8                MX_ADC1_Init
 .text.HAL_ADC_MspInit
                0x0800056c       0x88 ./Core/Src/adc.o
                0x0800056c                HAL_ADC_MspInit
 .text.MX_GPIO_Init
                0x080005f4      0x11c ./Core/Src/gpio.o
                0x080005f4                MX_GPIO_Init
 .text.main     0x08000710       0x28 ./Core/Src/main.o
                0x08000710                main
 .text.SystemClock_Config
                0x08000738       0xd0 ./Core/Src/main.o
                0x08000738                SystemClock_Config
 .text.Error_Handler
                0x08000808        0xc ./Core/Src/main.o
                0x08000808                Error_Handler
 .text.MX_SPI1_Init
                0x08000814       0x6c ./Core/Src/spi.o
                0x08000814                MX_SPI1_Init
 .text.HAL_SPI_MspInit
                0x08000880       0x90 ./Core/Src/spi.o
                0x08000880                HAL_SPI_MspInit
 .text.HAL_MspInit
                0x08000910       0x50 ./Core/Src/stm32f4xx_hal_msp.o
                0x08000910                HAL_MspInit
 .text.NMI_Handler
                0x08000960        0x8 ./Core/Src/stm32f4xx_it.o
                0x08000960                NMI_Handler
 .text.HardFault_Handler
                0x08000968        0x8 ./Core/Src/stm32f4xx_it.o
                0x08000968                HardFault_Handler
 .text.MemManage_Handler
                0x08000970        0x8 ./Core/Src/stm32f4xx_it.o
                0x08000970                MemManage_Handler
 .text.BusFault_Handler
                0x08000978        0x8 ./Core/Src/stm32f4xx_it.o
                0x08000978                BusFault_Handler
 .text.UsageFault_Handler
                0x08000980        0x8 ./Core/Src/stm32f4xx_it.o
                0x08000980                UsageFault_Handler
 .text.SVC_Handler
                0x08000988        0xe ./Core/Src/stm32f4xx_it.o
                0x08000988                SVC_Handler
 .text.DebugMon_Handler
                0x08000996        0xe ./Core/Src/stm32f4xx_it.o
                0x08000996                DebugMon_Handler
 .text.PendSV_Handler
                0x080009a4        0xe ./Core/Src/stm32f4xx_it.o
                0x080009a4                PendSV_Handler
 .text.SysTick_Handler
                0x080009b2        0xc ./Core/Src/stm32f4xx_it.o
                0x080009b2                SysTick_Handler
 *fill*         0x080009be        0x2 
 .text.OTG_FS_IRQHandler
                0x080009c0       0x14 ./Core/Src/stm32f4xx_it.o
                0x080009c0                OTG_FS_IRQHandler
 .text.SystemInit
                0x080009d4       0x24 ./Core/Src/system_stm32f4xx.o
                0x080009d4                SystemInit
 .text.MX_TIM1_Init
                0x080009f8      0x170 ./Core/Src/tim.o
                0x080009f8                MX_TIM1_Init
 .text.MX_TIM2_Init
                0x08000b68      0x118 ./Core/Src/tim.o
                0x08000b68                MX_TIM2_Init
 .text.HAL_TIM_Base_MspInit
                0x08000c80       0x6c ./Core/Src/tim.o
                0x08000c80                HAL_TIM_Base_MspInit
 .text.HAL_TIM_MspPostInit
                0x08000cec       0xbc ./Core/Src/tim.o
                0x08000cec                HAL_TIM_MspPostInit
 .text.Reset_Handler
                0x08000da8       0x50 ./Core/Startup/startup_stm32f411ceux.o
                0x08000da8                Reset_Handler
 .text.Default_Handler
                0x08000df8        0x2 ./Core/Startup/startup_stm32f411ceux.o
                0x08000df8                DMA1_Stream3_IRQHandler
                0x08000df8                EXTI2_IRQHandler
                0x08000df8                SPI4_IRQHandler
                0x08000df8                TIM1_CC_IRQHandler
                0x08000df8                DMA2_Stream5_IRQHandler
                0x08000df8                DMA1_Stream5_IRQHandler
                0x08000df8                PVD_IRQHandler
                0x08000df8                SDIO_IRQHandler
                0x08000df8                TAMP_STAMP_IRQHandler
                0x08000df8                EXTI3_IRQHandler
                0x08000df8                TIM1_UP_TIM10_IRQHandler
                0x08000df8                I2C3_ER_IRQHandler
                0x08000df8                EXTI0_IRQHandler
                0x08000df8                I2C2_EV_IRQHandler
                0x08000df8                DMA1_Stream2_IRQHandler
                0x08000df8                FPU_IRQHandler
                0x08000df8                DMA2_Stream2_IRQHandler
                0x08000df8                SPI1_IRQHandler
                0x08000df8                TIM1_BRK_TIM9_IRQHandler
                0x08000df8                DMA2_Stream3_IRQHandler
                0x08000df8                USART6_IRQHandler
                0x08000df8                DMA2_Stream0_IRQHandler
                0x08000df8                TIM4_IRQHandler
                0x08000df8                I2C1_EV_IRQHandler
                0x08000df8                DMA1_Stream6_IRQHandler
                0x08000df8                DMA1_Stream1_IRQHandler
                0x08000df8                TIM3_IRQHandler
                0x08000df8                RCC_IRQHandler
                0x08000df8                Default_Handler
                0x08000df8                EXTI15_10_IRQHandler
                0x08000df8                ADC_IRQHandler
                0x08000df8                DMA1_Stream7_IRQHandler
                0x08000df8                SPI5_IRQHandler
                0x08000df8                TIM5_IRQHandler
                0x08000df8                DMA2_Stream7_IRQHandler
                0x08000df8                I2C3_EV_IRQHandler
                0x08000df8                EXTI9_5_IRQHandler
                0x08000df8                RTC_WKUP_IRQHandler
                0x08000df8                SPI2_IRQHandler
                0x08000df8                DMA1_Stream0_IRQHandler
                0x08000df8                EXTI4_IRQHandler
                0x08000df8                WWDG_IRQHandler
                0x08000df8                TIM2_IRQHandler
                0x08000df8                OTG_FS_WKUP_IRQHandler
                0x08000df8                TIM1_TRG_COM_TIM11_IRQHandler
                0x08000df8                EXTI1_IRQHandler
                0x08000df8                USART2_IRQHandler
                0x08000df8                I2C2_ER_IRQHandler
                0x08000df8                DMA2_Stream1_IRQHandler
                0x08000df8                FLASH_IRQHandler
                0x08000df8                DMA2_Stream4_IRQHandler
                0x08000df8                USART1_IRQHandler
                0x08000df8                SPI3_IRQHandler
                0x08000df8                DMA1_Stream4_IRQHandler
                0x08000df8                I2C1_ER_IRQHandler
                0x08000df8                DMA2_Stream6_IRQHandler
                0x08000df8                RTC_Alarm_IRQHandler
 *fill*         0x08000dfa        0x2 
 .text.HAL_Init
                0x08000dfc       0x44 ./Drivers/STM32F4xx_HAL_Driver/Src/stm32f4xx_hal.o
                0x08000dfc                HAL_Init
 .text.HAL_InitTick
                0x08000e40       0x60 ./Drivers/STM32F4xx_HAL_Driver/Src/stm32f4xx_hal.o
                0x08000e40                HAL_InitTick
 .text.HAL_IncTick
                0x08000ea0       0x28 ./Drivers/STM32F4xx_HAL_Driver/Src/stm32f4xx_hal.o
                0x08000ea0                HAL_IncTick
 .text.HAL_GetTick
                0x08000ec8       0x18 ./Drivers/STM32F4xx_HAL_Driver/Src/stm32f4xx_hal.o
                0x08000ec8                HAL_GetTick
 .text.HAL_Delay
                0x08000ee0       0x48 ./Drivers/STM32F4xx_HAL_Driver/Src/stm32f4xx_hal.o
                0x08000ee0                HAL_Delay
 .text.HAL_ADC_Init
                0x08000f28       0x86 ./Drivers/STM32F4xx_HAL_Driver/Src/stm32f4xx_hal_adc.o
                0x08000f28                HAL_ADC_Init
 *fill*         0x08000fae        0x2 
 .text.HAL_ADC_ConfigChannel
                0x08000fb0      0x264 ./Drivers/STM32F4xx_HAL_Driver/Src/stm32f4xx_hal_adc.o
                0x08000fb0                HAL_ADC_ConfigChannel
 .text.ADC_Init
                0x08001214      0x1f8 ./Drivers/STM32F4xx_HAL_Driver/Src/stm32f4xx_hal_adc.o
 .text.__NVIC_SetPriorityGrouping
                0x0800140c       0x48 ./Drivers/STM32F4xx_HAL_Driver/Src/stm32f4xx_hal_cortex.o
 .text.__NVIC_GetPriorityGrouping
                0x08001454       0x1c ./Drivers/STM32F4xx_HAL_Driver/Src/stm32f4xx_hal_cortex.o
 .text.__NVIC_EnableIRQ
                0x08001470       0x3c ./Drivers/STM32F4xx_HAL_Driver/Src/stm32f4xx_hal_cortex.o
 .text.__NVIC_SetPriority
                0x080014ac       0x54 ./Drivers/STM32F4xx_HAL_Driver/Src/stm32f4xx_hal_cortex.o
 .text.NVIC_EncodePriority
                0x08001500       0x66 ./Drivers/STM32F4xx_HAL_Driver/Src/stm32f4xx_hal_cortex.o
 *fill*         0x08001566        0x2 
 .text.SysTick_Config
                0x08001568       0x44 ./Drivers/STM32F4xx_HAL_Driver/Src/stm32f4xx_hal_cortex.o
 .text.HAL_NVIC_SetPriorityGrouping
                0x080015ac       0x16 ./Drivers/STM32F4xx_HAL_Driver/Src/stm32f4xx_hal_cortex.o
                0x080015ac                HAL_NVIC_SetPriorityGrouping
 .text.HAL_NVIC_SetPriority
                0x080015c2       0x38 ./Drivers/STM32F4xx_HAL_Driver/Src/stm32f4xx_hal_cortex.o
                0x080015c2                HAL_NVIC_SetPriority
 .text.HAL_NVIC_EnableIRQ
                0x080015fa       0x1c ./Drivers/STM32F4xx_HAL_Driver/Src/stm32f4xx_hal_cortex.o
                0x080015fa                HAL_NVIC_EnableIRQ
 .text.HAL_SYSTICK_Config
                0x08001616       0x18 ./Drivers/STM32F4xx_HAL_Driver/Src/stm32f4xx_hal_cortex.o
                0x08001616                HAL_SYSTICK_Config
 *fill*         0x0800162e        0x2 
 .text.HAL_GPIO_Init
                0x08001630      0x308 ./Drivers/STM32F4xx_HAL_Driver/Src/stm32f4xx_hal_gpio.o
                0x08001630                HAL_GPIO_Init
 .text.HAL_GPIO_WritePin
                0x08001938       0x32 ./Drivers/STM32F4xx_HAL_Driver/Src/stm32f4xx_hal_gpio.o
                0x08001938                HAL_GPIO_WritePin
 .text.HAL_PCD_Init
                0x0800196a      0x21e ./Drivers/STM32F4xx_HAL_Driver/Src/stm32f4xx_hal_pcd.o
                0x0800196a                HAL_PCD_Init
 .text.HAL_PCD_Start
                0x08001b88       0x6a ./Drivers/STM32F4xx_HAL_Driver/Src/stm32f4xx_hal_pcd.o
                0x08001b88                HAL_PCD_Start
 .text.HAL_PCD_IRQHandler
                0x08001bf2      0x942 ./Drivers/STM32F4xx_HAL_Driver/Src/stm32f4xx_hal_pcd.o
                0x08001bf2                HAL_PCD_IRQHandler
 .text.HAL_PCD_SetAddress
                0x08002534       0x48 ./Drivers/STM32F4xx_HAL_Driver/Src/stm32f4xx_hal_pcd.o
                0x08002534                HAL_PCD_SetAddress
 .text.HAL_PCD_EP_Open
                0x0800257c       0xd0 ./Drivers/STM32F4xx_HAL_Driver/Src/stm32f4xx_hal_pcd.o
                0x0800257c                HAL_PCD_EP_Open
 .text.HAL_PCD_EP_Close
                0x0800264c       0x94 ./Drivers/STM32F4xx_HAL_Driver/Src/stm32f4xx_hal_pcd.o
                0x0800264c                HAL_PCD_EP_Close
 .text.HAL_PCD_EP_Receive
                0x080026e0       0x76 ./Drivers/STM32F4xx_HAL_Driver/Src/stm32f4xx_hal_pcd.o
                0x080026e0                HAL_PCD_EP_Receive
 .text.HAL_PCD_EP_GetRxCount
                0x08002756       0x30 ./Drivers/STM32F4xx_HAL_Driver/Src/stm32f4xx_hal_pcd.o
                0x08002756                HAL_PCD_EP_GetRxCount
 .text.HAL_PCD_EP_Transmit
                0x08002786       0x74 ./Drivers/STM32F4xx_HAL_Driver/Src/stm32f4xx_hal_pcd.o
                0x08002786                HAL_PCD_EP_Transmit
 .text.HAL_PCD_EP_SetStall
                0x080027fa       0xc6 ./Drivers/STM32F4xx_HAL_Driver/Src/stm32f4xx_hal_pcd.o
                0x080027fa                HAL_PCD_EP_SetStall
 .text.HAL_PCD_EP_ClrStall
                0x080028c0       0xac ./Drivers/STM32F4xx_HAL_Driver/Src/stm32f4xx_hal_pcd.o
                0x080028c0                HAL_PCD_EP_ClrStall
 .text.HAL_PCD_EP_Abort
                0x0800296c       0x62 ./Drivers/STM32F4xx_HAL_Driver/Src/stm32f4xx_hal_pcd.o
                0x0800296c                HAL_PCD_EP_Abort
 .text.PCD_WriteEmptyTxFifo
                0x080029ce      0x118 ./Drivers/STM32F4xx_HAL_Driver/Src/stm32f4xx_hal_pcd.o
 *fill*         0x08002ae6        0x2 
 .text.PCD_EP_OutXfrComplete_int
                0x08002ae8      0x1d0 ./Drivers/STM32F4xx_HAL_Driver/Src/stm32f4xx_hal_pcd.o
 .text.PCD_EP_OutSetupPacket_int
                0x08002cb8       0x8c ./Drivers/STM32F4xx_HAL_Driver/Src/stm32f4xx_hal_pcd.o
 .text.HAL_PCDEx_SetTxFiFo
                0x08002d44       0x8e ./Drivers/STM32F4xx_HAL_Driver/Src/stm32f4xx_hal_pcd_ex.o
                0x08002d44                HAL_PCDEx_SetTxFiFo
 .text.HAL_PCDEx_SetRxFiFo
                0x08002dd2       0x22 ./Drivers/STM32F4xx_HAL_Driver/Src/stm32f4xx_hal_pcd_ex.o
                0x08002dd2                HAL_PCDEx_SetRxFiFo
 .text.HAL_PCDEx_LPM_Callback
                0x08002df4       0x18 ./Drivers/STM32F4xx_HAL_Driver/Src/stm32f4xx_hal_pcd_ex.o
                0x08002df4                HAL_PCDEx_LPM_Callback
 .text.HAL_RCC_OscConfig
                0x08002e0c      0x4f0 ./Drivers/STM32F4xx_HAL_Driver/Src/stm32f4xx_hal_rcc.o
                0x08002e0c                HAL_RCC_OscConfig
 .text.HAL_RCC_ClockConfig
                0x080032fc      0x1cc ./Drivers/STM32F4xx_HAL_Driver/Src/stm32f4xx_hal_rcc.o
                0x080032fc                HAL_RCC_ClockConfig
 .text.HAL_RCC_GetSysClockFreq
                0x080034c8      0x18c ./Drivers/STM32F4xx_HAL_Driver/Src/stm32f4xx_hal_rcc.o
                0x080034c8                HAL_RCC_GetSysClockFreq
 .text.HAL_RCC_GetHCLKFreq
                0x08003654       0x18 ./Drivers/STM32F4xx_HAL_Driver/Src/stm32f4xx_hal_rcc.o
                0x08003654                HAL_RCC_GetHCLKFreq
 .text.HAL_SPI_Init
                0x0800366c      0x112 ./Drivers/STM32F4xx_HAL_Driver/Src/stm32f4xx_hal_spi.o
                0x0800366c                HAL_SPI_Init
 .text.HAL_TIM_Base_Init
                0x0800377e       0x9e ./Drivers/STM32F4xx_HAL_Driver/Src/stm32f4xx_hal_tim.o
                0x0800377e                HAL_TIM_Base_Init
 .text.HAL_TIM_PWM_Init
                0x0800381c       0x9e ./Drivers/STM32F4xx_HAL_Driver/Src/stm32f4xx_hal_tim.o
                0x0800381c                HAL_TIM_PWM_Init
 .text.HAL_TIM_PWM_MspInit
                0x080038ba       0x14 ./Drivers/STM32F4xx_HAL_Driver/Src/stm32f4xx_hal_tim.o
                0x080038ba                HAL_TIM_PWM_MspInit
 *fill*         0x080038ce        0x2 
 .text.HAL_TIM_PWM_ConfigChannel
                0x080038d0      0x184 ./Drivers/STM32F4xx_HAL_Driver/Src/stm32f4xx_hal_tim.o
                0x080038d0                HAL_TIM_PWM_ConfigChannel
 .text.HAL_TIM_ConfigClockSource
                0x08003a54      0x18e ./Drivers/STM32F4xx_HAL_Driver/Src/stm32f4xx_hal_tim.o
                0x08003a54                HAL_TIM_ConfigClockSource
 *fill*         0x08003be2        0x2 
 .text.TIM_Base_SetConfig
                0x08003be4      0x118 ./Drivers/STM32F4xx_HAL_Driver/Src/stm32f4xx_hal_tim.o
                0x08003be4                TIM_Base_SetConfig
 .text.TIM_OC1_SetConfig
                0x08003cfc       0xcc ./Drivers/STM32F4xx_HAL_Driver/Src/stm32f4xx_hal_tim.o
 .text.TIM_OC2_SetConfig
                0x08003dc8       0xd8 ./Drivers/STM32F4xx_HAL_Driver/Src/stm32f4xx_hal_tim.o
                0x08003dc8                TIM_OC2_SetConfig
 .text.TIM_OC3_SetConfig
                0x08003ea0       0xd4 ./Drivers/STM32F4xx_HAL_Driver/Src/stm32f4xx_hal_tim.o
 .text.TIM_OC4_SetConfig
                0x08003f74       0xa0 ./Drivers/STM32F4xx_HAL_Driver/Src/stm32f4xx_hal_tim.o
 .text.TIM_TI1_ConfigInputStage
                0x08004014       0x5e ./Drivers/STM32F4xx_HAL_Driver/Src/stm32f4xx_hal_tim.o
 .text.TIM_TI2_ConfigInputStage
                0x08004072       0x60 ./Drivers/STM32F4xx_HAL_Driver/Src/stm32f4xx_hal_tim.o
 .text.TIM_ITRx_SetConfig
                0x080040d2       0x36 ./Drivers/STM32F4xx_HAL_Driver/Src/stm32f4xx_hal_tim.o
 .text.TIM_ETR_SetConfig
                0x08004108       0x40 ./Drivers/STM32F4xx_HAL_Driver/Src/stm32f4xx_hal_tim.o
                0x08004108                TIM_ETR_SetConfig
 .text.HAL_TIMEx_MasterConfigSynchronization
                0x08004148       0xdc ./Drivers/STM32F4xx_HAL_Driver/Src/stm32f4xx_hal_tim_ex.o
                0x08004148                HAL_TIMEx_MasterConfigSynchronization
 .text.HAL_TIMEx_ConfigBreakDeadTime
                0x08004224       0xa4 ./Drivers/STM32F4xx_HAL_Driver/Src/stm32f4xx_hal_tim_ex.o
                0x08004224                HAL_TIMEx_ConfigBreakDeadTime
 .text.USB_CoreInit
                0x080042c8       0xc8 ./Drivers/STM32F4xx_HAL_Driver/Src/stm32f4xx_ll_usb.o
                0x080042c8                USB_CoreInit
 .text.USB_SetTurnaroundTime
                0x08004390      0x144 ./Drivers/STM32F4xx_HAL_Driver/Src/stm32f4xx_ll_usb.o
                0x08004390                USB_SetTurnaroundTime
 .text.USB_EnableGlobalInt
                0x080044d4       0x22 ./Drivers/STM32F4xx_HAL_Driver/Src/stm32f4xx_ll_usb.o
                0x080044d4                USB_EnableGlobalInt
 .text.USB_DisableGlobalInt
                0x080044f6       0x22 ./Drivers/STM32F4xx_HAL_Driver/Src/stm32f4xx_ll_usb.o
                0x080044f6                USB_DisableGlobalInt
 .text.USB_SetCurrentMode
                0x08004518       0x98 ./Drivers/STM32F4xx_HAL_Driver/Src/stm32f4xx_ll_usb.o
                0x08004518                USB_SetCurrentMode
 .text.USB_DevInit
                0x080045b0      0x2c8 ./Drivers/STM32F4xx_HAL_Driver/Src/stm32f4xx_ll_usb.o
                0x080045b0                USB_DevInit
 .text.USB_FlushTxFifo
                0x08004878       0x64 ./Drivers/STM32F4xx_HAL_Driver/Src/stm32f4xx_ll_usb.o
                0x08004878                USB_FlushTxFifo
 .text.USB_FlushRxFifo
                0x080048dc       0x5c ./Drivers/STM32F4xx_HAL_Driver/Src/stm32f4xx_ll_usb.o
                0x080048dc                USB_FlushRxFifo
 .text.USB_SetDevSpeed
                0x08004938       0x32 ./Drivers/STM32F4xx_HAL_Driver/Src/stm32f4xx_ll_usb.o
                0x08004938                USB_SetDevSpeed
 .text.USB_GetDevSpeed
                0x0800496a       0x4a ./Drivers/STM32F4xx_HAL_Driver/Src/stm32f4xx_ll_usb.o
                0x0800496a                USB_GetDevSpeed
 .text.USB_ActivateEndpoint
                0x080049b4      0x10e ./Drivers/STM32F4xx_HAL_Driver/Src/stm32f4xx_ll_usb.o
                0x080049b4                USB_ActivateEndpoint
 *fill*         0x08004ac2        0x2 
 .text.USB_DeactivateEndpoint
                0x08004ac4      0x1b8 ./Drivers/STM32F4xx_HAL_Driver/Src/stm32f4xx_ll_usb.o
                0x08004ac4                USB_DeactivateEndpoint
 .text.USB_EPStartXfer
                0x08004c7c      0x530 ./Drivers/STM32F4xx_HAL_Driver/Src/stm32f4xx_ll_usb.o
                0x08004c7c                USB_EPStartXfer
 .text.USB_EPStopXfer
                0x080051ac      0x154 ./Drivers/STM32F4xx_HAL_Driver/Src/stm32f4xx_ll_usb.o
                0x080051ac                USB_EPStopXfer
 .text.USB_WritePacket
                0x08005300       0x7c ./Drivers/STM32F4xx_HAL_Driver/Src/stm32f4xx_ll_usb.o
                0x08005300                USB_WritePacket
 .text.USB_ReadPacket
                0x0800537c       0xb0 ./Drivers/STM32F4xx_HAL_Driver/Src/stm32f4xx_ll_usb.o
                0x0800537c                USB_ReadPacket
 .text.USB_EPSetStall
                0x0800542c       0xdc ./Drivers/STM32F4xx_HAL_Driver/Src/stm32f4xx_ll_usb.o
                0x0800542c                USB_EPSetStall
 .text.USB_EPClearStall
                0x08005508       0xcc ./Drivers/STM32F4xx_HAL_Driver/Src/stm32f4xx_ll_usb.o
                0x08005508                USB_EPClearStall
 .text.USB_SetDevAddress
                0x080055d4       0x4c ./Drivers/STM32F4xx_HAL_Driver/Src/stm32f4xx_ll_usb.o
                0x080055d4                USB_SetDevAddress
 .text.USB_DevConnect
                0x08005620       0x42 ./Drivers/STM32F4xx_HAL_Driver/Src/stm32f4xx_ll_usb.o
                0x08005620                USB_DevConnect
 .text.USB_DevDisconnect
                0x08005662       0x42 ./Drivers/STM32F4xx_HAL_Driver/Src/stm32f4xx_ll_usb.o
                0x08005662                USB_DevDisconnect
 .text.USB_ReadInterrupts
                0x080056a4       0x26 ./Drivers/STM32F4xx_HAL_Driver/Src/stm32f4xx_ll_usb.o
                0x080056a4                USB_ReadInterrupts
 .text.USB_ReadDevAllOutEpInterrupt
                0x080056ca       0x34 ./Drivers/STM32F4xx_HAL_Driver/Src/stm32f4xx_ll_usb.o
                0x080056ca                USB_ReadDevAllOutEpInterrupt
 .text.USB_ReadDevAllInEpInterrupt
                0x080056fe       0x34 ./Drivers/STM32F4xx_HAL_Driver/Src/stm32f4xx_ll_usb.o
                0x080056fe                USB_ReadDevAllInEpInterrupt
 .text.USB_ReadDevOutEPInterrupt
                0x08005732       0x3c ./Drivers/STM32F4xx_HAL_Driver/Src/stm32f4xx_ll_usb.o
                0x08005732                USB_ReadDevOutEPInterrupt
 .text.USB_ReadDevInEPInterrupt
                0x0800576e       0x5c ./Drivers/STM32F4xx_HAL_Driver/Src/stm32f4xx_ll_usb.o
                0x0800576e                USB_ReadDevInEPInterrupt
 .text.USB_GetMode
                0x080057ca       0x1c ./Drivers/STM32F4xx_HAL_Driver/Src/stm32f4xx_ll_usb.o
                0x080057ca                USB_GetMode
 .text.USB_ActivateSetup
                0x080057e6       0x46 ./Drivers/STM32F4xx_HAL_Driver/Src/stm32f4xx_ll_usb.o
                0x080057e6                USB_ActivateSetup
 .text.USB_EP0_OutStart
                0x0800582c       0xbc ./Drivers/STM32F4xx_HAL_Driver/Src/stm32f4xx_ll_usb.o
                0x0800582c                USB_EP0_OutStart
 .text.USB_CoreReset
                0x080058e8       0x62 ./Drivers/STM32F4xx_HAL_Driver/Src/stm32f4xx_ll_usb.o
 *fill*         0x0800594a        0x2 
 .text.USBD_CDC_Init
                0x0800594c      0x1f0 ./Middlewares/ST/STM32_USB_Device_Library/Class/CDC/Src/usbd_cdc.o
 .text.USBD_CDC_DeInit
                0x08005b3c      0x104 ./Middlewares/ST/STM32_USB_Device_Library/Class/CDC/Src/usbd_cdc.o
 .text.USBD_CDC_Setup
                0x08005c40      0x1b8 ./Middlewares/ST/STM32_USB_Device_Library/Class/CDC/Src/usbd_cdc.o
 .text.USBD_CDC_DataIn
                0x08005df8       0xfe ./Middlewares/ST/STM32_USB_Device_Library/Class/CDC/Src/usbd_cdc.o
 .text.USBD_CDC_DataOut
                0x08005ef6       0x70 ./Middlewares/ST/STM32_USB_Device_Library/Class/CDC/Src/usbd_cdc.o
 .text.USBD_CDC_EP0_RxReady
                0x08005f66       0x74 ./Middlewares/ST/STM32_USB_Device_Library/Class/CDC/Src/usbd_cdc.o
 *fill*         0x08005fda        0x2 
 .text.USBD_CDC_GetFSCfgDesc
                0x08005fdc       0x70 ./Middlewares/ST/STM32_USB_Device_Library/Class/CDC/Src/usbd_cdc.o
 .text.USBD_CDC_GetHSCfgDesc
                0x0800604c       0x70 ./Middlewares/ST/STM32_USB_Device_Library/Class/CDC/Src/usbd_cdc.o
 .text.USBD_CDC_GetOtherSpeedCfgDesc
                0x080060bc       0x70 ./Middlewares/ST/STM32_USB_Device_Library/Class/CDC/Src/usbd_cdc.o
 .text.USBD_CDC_GetDeviceQualifierDescriptor
                0x0800612c       0x20 ./Middlewares/ST/STM32_USB_Device_Library/Class/CDC/Src/usbd_cdc.o
                0x0800612c                USBD_CDC_GetDeviceQualifierDescriptor
 .text.USBD_CDC_RegisterInterface
                0x0800614c       0x34 ./Middlewares/ST/STM32_USB_Device_Library/Class/CDC/Src/usbd_cdc.o
                0x0800614c                USBD_CDC_RegisterInterface
 .text.USBD_CDC_SetTxBuffer
                0x08006180       0x44 ./Middlewares/ST/STM32_USB_Device_Library/Class/CDC/Src/usbd_cdc.o
                0x08006180                USBD_CDC_SetTxBuffer
 .text.USBD_CDC_SetRxBuffer
                0x080061c4       0x3a ./Middlewares/ST/STM32_USB_Device_Library/Class/CDC/Src/usbd_cdc.o
                0x080061c4                USBD_CDC_SetRxBuffer
 *fill*         0x080061fe        0x2 
 .text.USBD_CDC_ReceivePacket
                0x08006200       0x6c ./Middlewares/ST/STM32_USB_Device_Library/Class/CDC/Src/usbd_cdc.o
                0x08006200                USBD_CDC_ReceivePacket
 .text.USBD_Init
                0x0800626c       0x60 ./Middlewares/ST/STM32_USB_Device_Library/Core/Src/usbd_core.o
                0x0800626c                USBD_Init
 .text.USBD_RegisterClass
                0x080062cc       0x6c ./Middlewares/ST/STM32_USB_Device_Library/Core/Src/usbd_core.o
                0x080062cc                USBD_RegisterClass
 .text.USBD_Start
                0x08006338       0x18 ./Middlewares/ST/STM32_USB_Device_Library/Core/Src/usbd_core.o
                0x08006338                USBD_Start
 .text.USBD_RunTestMode
                0x08006350       0x16 ./Middlewares/ST/STM32_USB_Device_Library/Core/Src/usbd_core.o
                0x08006350                USBD_RunTestMode
 .text.USBD_SetClassConfig
                0x08006366       0x38 ./Middlewares/ST/STM32_USB_Device_Library/Core/Src/usbd_core.o
                0x08006366                USBD_SetClassConfig
 .text.USBD_ClrClassConfig
                0x0800639e       0x34 ./Middlewares/ST/STM32_USB_Device_Library/Core/Src/usbd_core.o
                0x0800639e                USBD_ClrClassConfig
 .text.USBD_LL_SetupStage
                0x080063d2       0xaa ./Middlewares/ST/STM32_USB_Device_Library/Core/Src/usbd_core.o
                0x080063d2                USBD_LL_SetupStage
 .text.USBD_LL_DataOutStage
                0x0800647c      0x166 ./Middlewares/ST/STM32_USB_Device_Library/Core/Src/usbd_core.o
                0x0800647c                USBD_LL_DataOutStage
 .text.USBD_LL_DataInStage
                0x080065e2      0x164 ./Middlewares/ST/STM32_USB_Device_Library/Core/Src/usbd_core.o
                0x080065e2                USBD_LL_DataInStage
 .text.USBD_LL_Reset
                0x08006746       0xa4 ./Middlewares/ST/STM32_USB_Device_Library/Core/Src/usbd_core.o
                0x08006746                USBD_LL_Reset
 .text.USBD_LL_SetSpeed
                0x080067ea       0x20 ./Middlewares/ST/STM32_USB_Device_Library/Core/Src/usbd_core.o
                0x080067ea                USBD_LL_SetSpeed
 .text.USBD_LL_Suspend
                0x0800680a       0x38 ./Middlewares/ST/STM32_USB_Device_Library/Core/Src/usbd_core.o
                0x0800680a                USBD_LL_Suspend
 .text.USBD_LL_Resume
                0x08006842       0x30 ./Middlewares/ST/STM32_USB_Device_Library/Core/Src/usbd_core.o
                0x08006842                USBD_LL_Resume
 .text.USBD_LL_SOF
                0x08006872       0x40 ./Middlewares/ST/STM32_USB_Device_Library/Core/Src/usbd_core.o
                0x08006872                USBD_LL_SOF
 .text.USBD_LL_IsoINIncomplete
                0x080068b2       0x64 ./Middlewares/ST/STM32_USB_Device_Library/Core/Src/usbd_core.o
                0x080068b2                USBD_LL_IsoINIncomplete
 .text.USBD_LL_IsoOUTIncomplete
                0x08006916       0x64 ./Middlewares/ST/STM32_USB_Device_Library/Core/Src/usbd_core.o
                0x08006916                USBD_LL_IsoOUTIncomplete
 .text.USBD_LL_DevConnected
                0x0800697a       0x16 ./Middlewares/ST/STM32_USB_Device_Library/Core/Src/usbd_core.o
                0x0800697a                USBD_LL_DevConnected
 .text.USBD_LL_DevDisconnected
                0x08006990       0x46 ./Middlewares/ST/STM32_USB_Device_Library/Core/Src/usbd_core.o
                0x08006990                USBD_LL_DevDisconnected
 .text.USBD_CoreFindIF
                0x080069d6       0x1a ./Middlewares/ST/STM32_USB_Device_Library/Core/Src/usbd_core.o
                0x080069d6                USBD_CoreFindIF
 .text.USBD_CoreFindEP
                0x080069f0       0x1a ./Middlewares/ST/STM32_USB_Device_Library/Core/Src/usbd_core.o
                0x080069f0                USBD_CoreFindEP
 .text.USBD_GetEpDesc
                0x08006a0a       0x70 ./Middlewares/ST/STM32_USB_Device_Library/Core/Src/usbd_core.o
                0x08006a0a                USBD_GetEpDesc
 .text.USBD_GetNextDesc
                0x08006a7a       0x38 ./Middlewares/ST/STM32_USB_Device_Library/Core/Src/usbd_core.o
                0x08006a7a                USBD_GetNextDesc
 .text.SWAPBYTE
                0x08006ab2       0x3c ./Middlewares/ST/STM32_USB_Device_Library/Core/Src/usbd_ctlreq.o
 *fill*         0x08006aee        0x2 
 .text.USBD_StdDevReq
                0x08006af0       0xe4 ./Middlewares/ST/STM32_USB_Device_Library/Core/Src/usbd_ctlreq.o
                0x08006af0                USBD_StdDevReq
 .text.USBD_StdItfReq
                0x08006bd4       0xd8 ./Middlewares/ST/STM32_USB_Device_Library/Core/Src/usbd_ctlreq.o
                0x08006bd4                USBD_StdItfReq
 .text.USBD_StdEPReq
                0x08006cac      0x33a ./Middlewares/ST/STM32_USB_Device_Library/Core/Src/usbd_ctlreq.o
                0x08006cac                USBD_StdEPReq
 *fill*         0x08006fe6        0x2 
 .text.USBD_GetDescriptor
                0x08006fe8      0x2d4 ./Middlewares/ST/STM32_USB_Device_Library/Core/Src/usbd_ctlreq.o
 .text.USBD_SetAddress
                0x080072bc       0x88 ./Middlewares/ST/STM32_USB_Device_Library/Core/Src/usbd_ctlreq.o
 .text.USBD_SetConfig
                0x08007344      0x154 ./Middlewares/ST/STM32_USB_Device_Library/Core/Src/usbd_ctlreq.o
 .text.USBD_GetConfig
                0x08007498       0x6c ./Middlewares/ST/STM32_USB_Device_Library/Core/Src/usbd_ctlreq.o
 .text.USBD_GetStatus
                0x08007504       0x68 ./Middlewares/ST/STM32_USB_Device_Library/Core/Src/usbd_ctlreq.o
 .text.USBD_SetFeature
                0x0800756c       0x52 ./Middlewares/ST/STM32_USB_Device_Library/Core/Src/usbd_ctlreq.o
 .text.USBD_ClrFeature
                0x080075be       0x44 ./Middlewares/ST/STM32_USB_Device_Library/Core/Src/usbd_ctlreq.o
 .text.USBD_ParseSetupRequest
                0x08007602       0x74 ./Middlewares/ST/STM32_USB_Device_Library/Core/Src/usbd_ctlreq.o
                0x08007602                USBD_ParseSetupRequest
 .text.USBD_CtlError
                0x08007676       0x22 ./Middlewares/ST/STM32_USB_Device_Library/Core/Src/usbd_ctlreq.o
                0x08007676                USBD_CtlError
 .text.USBD_GetString
                0x08007698       0x8c ./Middlewares/ST/STM32_USB_Device_Library/Core/Src/usbd_ctlreq.o
                0x08007698                USBD_GetString
 .text.USBD_GetLen
                0x08007724       0x34 ./Middlewares/ST/STM32_USB_Device_Library/Core/Src/usbd_ctlreq.o
 .text.USBD_CtlSendData
                0x08007758       0x36 ./Middlewares/ST/STM32_USB_Device_Library/Core/Src/usbd_ioreq.o
                0x08007758                USBD_CtlSendData
 .text.USBD_CtlContinueSendData
                0x0800778e       0x22 ./Middlewares/ST/STM32_USB_Device_Library/Core/Src/usbd_ioreq.o
                0x0800778e                USBD_CtlContinueSendData
 .text.USBD_CtlPrepareRx
                0x080077b0       0x3a ./Middlewares/ST/STM32_USB_Device_Library/Core/Src/usbd_ioreq.o
                0x080077b0                USBD_CtlPrepareRx
 .text.USBD_CtlContinueRx
                0x080077ea       0x22 ./Middlewares/ST/STM32_USB_Device_Library/Core/Src/usbd_ioreq.o
                0x080077ea                USBD_CtlContinueRx
 .text.USBD_CtlSendStatus
                0x0800780c       0x26 ./Middlewares/ST/STM32_USB_Device_Library/Core/Src/usbd_ioreq.o
                0x0800780c                USBD_CtlSendStatus
 .text.USBD_CtlReceiveStatus
                0x08007832       0x26 ./Middlewares/ST/STM32_USB_Device_Library/Core/Src/usbd_ioreq.o
                0x08007832                USBD_CtlReceiveStatus
 .text.MX_USB_DEVICE_Init
                0x08007858       0x60 ./USB_DEVICE/App/usb_device.o
                0x08007858                MX_USB_DEVICE_Init
 .text.CDC_Init_FS
                0x080078b8       0x28 ./USB_DEVICE/App/usbd_cdc_if.o
 .text.CDC_DeInit_FS
                0x080078e0       0x10 ./USB_DEVICE/App/usbd_cdc_if.o
 .text.CDC_Control_FS
                0x080078f0       0xbc ./USB_DEVICE/App/usbd_cdc_if.o
 .text.CDC_Receive_FS
                0x080079ac       0x28 ./USB_DEVICE/App/usbd_cdc_if.o
 .text.CDC_TransmitCplt_FS
                0x080079d4       0x22 ./USB_DEVICE/App/usbd_cdc_if.o
 *fill*         0x080079f6        0x2 
 .text.USBD_FS_DeviceDescriptor
                0x080079f8       0x24 ./USB_DEVICE/App/usbd_desc.o
                0x080079f8                USBD_FS_DeviceDescriptor
 .text.USBD_FS_LangIDStrDescriptor
                0x08007a1c       0x24 ./USB_DEVICE/App/usbd_desc.o
                0x08007a1c                USBD_FS_LangIDStrDescriptor
 .text.USBD_FS_ProductStrDescriptor
                0x08007a40       0x3c ./USB_DEVICE/App/usbd_desc.o
                0x08007a40                USBD_FS_ProductStrDescriptor
 .text.USBD_FS_ManufacturerStrDescriptor
                0x08007a7c       0x28 ./USB_DEVICE/App/usbd_desc.o
                0x08007a7c                USBD_FS_ManufacturerStrDescriptor
 .text.USBD_FS_SerialStrDescriptor
                0x08007aa4       0x24 ./USB_DEVICE/App/usbd_desc.o
                0x08007aa4                USBD_FS_SerialStrDescriptor
 .text.USBD_FS_ConfigStrDescriptor
                0x08007ac8       0x3c ./USB_DEVICE/App/usbd_desc.o
                0x08007ac8                USBD_FS_ConfigStrDescriptor
 .text.USBD_FS_InterfaceStrDescriptor
                0x08007b04       0x3c ./USB_DEVICE/App/usbd_desc.o
                0x08007b04                USBD_FS_InterfaceStrDescriptor
 .text.Get_SerialNum
                0x08007b40       0x58 ./USB_DEVICE/App/usbd_desc.o
 .text.IntToUnicode
                0x08007b98       0x7e ./USB_DEVICE/App/usbd_desc.o
 *fill*         0x08007c16        0x2 
 .text.HAL_PCD_MspInit
                0x08007c18       0xa8 ./USB_DEVICE/Target/usbd_conf.o
                0x08007c18                HAL_PCD_MspInit
 .text.HAL_PCD_SetupStageCallback
                0x08007cc0       0x24 ./USB_DEVICE/Target/usbd_conf.o
                0x08007cc0                HAL_PCD_SetupStageCallback
 .text.HAL_PCD_DataOutStageCallback
                0x08007ce4       0x36 ./USB_DEVICE/Target/usbd_conf.o
                0x08007ce4                HAL_PCD_DataOutStageCallback
 .text.HAL_PCD_DataInStageCallback
                0x08007d1a       0x34 ./USB_DEVICE/Target/usbd_conf.o
                0x08007d1a                HAL_PCD_DataInStageCallback
 .text.HAL_PCD_SOFCallback
                0x08007d4e       0x1c ./USB_DEVICE/Target/usbd_conf.o
                0x08007d4e                HAL_PCD_SOFCallback
 .text.HAL_PCD_ResetCallback
                0x08007d6a       0x3c ./USB_DEVICE/Target/usbd_conf.o
                0x08007d6a                HAL_PCD_ResetCallback
 *fill*         0x08007da6        0x2 
 .text.HAL_PCD_SuspendCallback
                0x08007da8       0x4c ./USB_DEVICE/Target/usbd_conf.o
                0x08007da8                HAL_PCD_SuspendCallback
 .text.HAL_PCD_ResumeCallback
                0x08007df4       0x1c ./USB_DEVICE/Target/usbd_conf.o
                0x08007df4                HAL_PCD_ResumeCallback
 .text.HAL_PCD_ISOOUTIncompleteCallback
                0x08007e10       0x24 ./USB_DEVICE/Target/usbd_conf.o
                0x08007e10                HAL_PCD_ISOOUTIncompleteCallback
 .text.HAL_PCD_ISOINIncompleteCallback
                0x08007e34       0x24 ./USB_DEVICE/Target/usbd_conf.o
                0x08007e34                HAL_PCD_ISOINIncompleteCallback
 .text.HAL_PCD_ConnectCallback
                0x08007e58       0x1c ./USB_DEVICE/Target/usbd_conf.o
                0x08007e58                HAL_PCD_ConnectCallback
 .text.HAL_PCD_DisconnectCallback
                0x08007e74       0x1c ./USB_DEVICE/Target/usbd_conf.o
                0x08007e74                HAL_PCD_DisconnectCallback
 .text.USBD_LL_Init
                0x08007e90       0x98 ./USB_DEVICE/Target/usbd_conf.o
                0x08007e90                USBD_LL_Init
 .text.USBD_LL_Start
                0x08007f28       0x36 ./USB_DEVICE/Target/usbd_conf.o
                0x08007f28                USBD_LL_Start
 .text.USBD_LL_OpenEP
                0x08007f5e       0x4c ./USB_DEVICE/Target/usbd_conf.o
                0x08007f5e                USBD_LL_OpenEP
 .text.USBD_LL_CloseEP
                0x08007faa       0x3e ./USB_DEVICE/Target/usbd_conf.o
                0x08007faa                USBD_LL_CloseEP
 .text.USBD_LL_StallEP
                0x08007fe8       0x3e ./USB_DEVICE/Target/usbd_conf.o
                0x08007fe8                USBD_LL_StallEP
 .text.USBD_LL_ClearStallEP
                0x08008026       0x3e ./USB_DEVICE/Target/usbd_conf.o
                0x08008026                USBD_LL_ClearStallEP
 .text.USBD_LL_IsStallEP
                0x08008064       0x58 ./USB_DEVICE/Target/usbd_conf.o
                0x08008064                USBD_LL_IsStallEP
 .text.USBD_LL_SetUSBAddress
                0x080080bc       0x3e ./USB_DEVICE/Target/usbd_conf.o
                0x080080bc                USBD_LL_SetUSBAddress
 .text.USBD_LL_Transmit
                0x080080fa       0x42 ./USB_DEVICE/Target/usbd_conf.o
                0x080080fa                USBD_LL_Transmit
 .text.USBD_LL_PrepareReceive
                0x0800813c       0x42 ./USB_DEVICE/Target/usbd_conf.o
                0x0800813c                USBD_LL_PrepareReceive
 .text.USBD_LL_GetRxDataSize
                0x0800817e       0x26 ./USB_DEVICE/Target/usbd_conf.o
                0x0800817e                USBD_LL_GetRxDataSize
 .text.USBD_static_malloc
                0x080081a4       0x1c ./USB_DEVICE/Target/usbd_conf.o
                0x080081a4                USBD_static_malloc
 .text.USBD_static_free
                0x080081c0       0x14 ./USB_DEVICE/Target/usbd_conf.o
                0x080081c0                USBD_static_free
 .text.USBD_Get_USB_Status
                0x080081d4       0x58 ./USB_DEVICE/Target/usbd_conf.o
                0x080081d4                USBD_Get_USB_Status
 .text.memset   0x0800822c       0x10 /Applications/STM32CubeIDE.app/Contents/Eclipse/plugins/com.st.stm32cube.ide.mcu.externaltools.gnu-tools-for-stm32.12.3.rel1.macos64_1.0.100.202403111906/tools/bin/../lib/gcc/arm-none-eabi/12.3.1/../../../../arm-none-eabi/lib/thumb/v7e-m+fp/hard/libc_nano.a(libc_a-memset.o)
                0x0800822c                memset
 .text.__libc_init_array
                0x0800823c       0x48 /Applications/STM32CubeIDE.app/Contents/Eclipse/plugins/com.st.stm32cube.ide.mcu.externaltools.gnu-tools-for-stm32.12.3.rel1.macos64_1.0.100.202403111906/tools/bin/../lib/gcc/arm-none-eabi/12.3.1/../../../../arm-none-eabi/lib/thumb/v7e-m+fp/hard/libc_nano.a(libc_a-init.o)
                0x0800823c                __libc_init_array
 *(.glue_7)
 .glue_7        0x08008284        0x0 linker stubs
 *(.glue_7t)
 .glue_7t       0x08008284        0x0 linker stubs
 *(.eh_frame)
 .eh_frame      0x08008284        0x0 /Applications/STM32CubeIDE.app/Contents/Eclipse/plugins/com.st.stm32cube.ide.mcu.externaltools.gnu-tools-for-stm32.12.3.rel1.macos64_1.0.100.202403111906/tools/bin/../lib/gcc/arm-none-eabi/12.3.1/thumb/v7e-m+fp/hard/crtbegin.o
 *(.init)
 .init          0x08008284        0x4 /Applications/STM32CubeIDE.app/Contents/Eclipse/plugins/com.st.stm32cube.ide.mcu.externaltools.gnu-tools-for-stm32.12.3.rel1.macos64_1.0.100.202403111906/tools/bin/../lib/gcc/arm-none-eabi/12.3.1/thumb/v7e-m+fp/hard/crti.o
                0x08008284                _init
 .init          0x08008288        0x8 /Applications/STM32CubeIDE.app/Contents/Eclipse/plugins/com.st.stm32cube.ide.mcu.externaltools.gnu-tools-for-stm32.12.3.rel1.macos64_1.0.100.202403111906/tools/bin/../lib/gcc/arm-none-eabi/12.3.1/thumb/v7e-m+fp/hard/crtn.o
 *(.fini)
 .fini          0x08008290        0x4 /Applications/STM32CubeIDE.app/Contents/Eclipse/plugins/com.st.stm32cube.ide.mcu.externaltools.gnu-tools-for-stm32.12.3.rel1.macos64_1.0.100.202403111906/tools/bin/../lib/gcc/arm-none-eabi/12.3.1/thumb/v7e-m+fp/hard/crti.o
                0x08008290                _fini
 .fini          0x08008294        0x8 /Applications/STM32CubeIDE.app/Contents/Eclipse/plugins/com.st.stm32cube.ide.mcu.externaltools.gnu-tools-for-stm32.12.3.rel1.macos64_1.0.100.202403111906/tools/bin/../lib/gcc/arm-none-eabi/12.3.1/thumb/v7e-m+fp/hard/crtn.o
                0x0800829c                        . = ALIGN (0x4)
                0x0800829c                        _etext = .

.vfp11_veneer   0x0800829c        0x0
 .vfp11_veneer  0x0800829c        0x0 linker stubs

.v4_bx          0x0800829c        0x0
 .v4_bx         0x0800829c        0x0 linker stubs

.iplt           0x0800829c        0x0
 .iplt          0x0800829c        0x0 /Applications/STM32CubeIDE.app/Contents/Eclipse/plugins/com.st.stm32cube.ide.mcu.externaltools.gnu-tools-for-stm32.12.3.rel1.macos64_1.0.100.202403111906/tools/bin/../lib/gcc/arm-none-eabi/12.3.1/thumb/v7e-m+fp/hard/crtbegin.o

.rodata         0x0800829c       0x58
                0x0800829c                        . = ALIGN (0x4)
 *(.rodata)
 .rodata        0x0800829c       0x46 ./USB_DEVICE/App/usbd_desc.o
 *(.rodata*)
 *fill*         0x080082e2        0x2 
 .rodata.AHBPrescTable
                0x080082e4       0x10 ./Core/Src/system_stm32f4xx.o
                0x080082e4                AHBPrescTable
                0x080082f4                        . = ALIGN (0x4)

.ARM.extab      0x080082f4        0x0
                0x080082f4                        . = ALIGN (0x4)
 *(.ARM.extab* .gnu.linkonce.armextab.*)
                0x080082f4                        . = ALIGN (0x4)

.ARM            0x080082f4        0x8
                0x080082f4                        . = ALIGN (0x4)
                0x080082f4                        __exidx_start = .
 *(.ARM.exidx*)
 .ARM.exidx     0x080082f4        0x8 /Applications/STM32CubeIDE.app/Contents/Eclipse/plugins/com.st.stm32cube.ide.mcu.externaltools.gnu-tools-for-stm32.12.3.rel1.macos64_1.0.100.202403111906/tools/bin/../lib/gcc/arm-none-eabi/12.3.1/thumb/v7e-m+fp/hard/libgcc.a(_udivmoddi4.o)
                0x080082fc                        __exidx_end = .
                0x080082fc                        . = ALIGN (0x4)

.preinit_array  0x080082fc        0x0
                0x080082fc                        . = ALIGN (0x4)
                0x080082fc                        PROVIDE (__preinit_array_start = .)
 *(.preinit_array*)
                0x080082fc                        PROVIDE (__preinit_array_end = .)
                0x080082fc                        . = ALIGN (0x4)

.init_array     0x080082fc        0x4
                0x080082fc                        . = ALIGN (0x4)
                0x080082fc                        PROVIDE (__init_array_start = .)
 *(SORT_BY_NAME(.init_array.*))
 *(.init_array*)
 .init_array    0x080082fc        0x4 /Applications/STM32CubeIDE.app/Contents/Eclipse/plugins/com.st.stm32cube.ide.mcu.externaltools.gnu-tools-for-stm32.12.3.rel1.macos64_1.0.100.202403111906/tools/bin/../lib/gcc/arm-none-eabi/12.3.1/thumb/v7e-m+fp/hard/crtbegin.o
                0x08008300                        PROVIDE (__init_array_end = .)
                0x08008300                        . = ALIGN (0x4)

.fini_array     0x08008300        0x4
                0x08008300                        . = ALIGN (0x4)
                [!provide]                        PROVIDE (__fini_array_start = .)
 *(SORT_BY_NAME(.fini_array.*))
 *(.fini_array*)
 .fini_array    0x08008300        0x4 /Applications/STM32CubeIDE.app/Contents/Eclipse/plugins/com.st.stm32cube.ide.mcu.externaltools.gnu-tools-for-stm32.12.3.rel1.macos64_1.0.100.202403111906/tools/bin/../lib/gcc/arm-none-eabi/12.3.1/thumb/v7e-m+fp/hard/crtbegin.o
                [!provide]                        PROVIDE (__fini_array_end = .)
                0x08008304                        . = ALIGN (0x4)
                0x08008304                        _sidata = LOADADDR (.data)

.rel.dyn        0x08008304        0x0
 .rel.iplt      0x08008304        0x0 /Applications/STM32CubeIDE.app/Contents/Eclipse/plugins/com.st.stm32cube.ide.mcu.externaltools.gnu-tools-for-stm32.12.3.rel1.macos64_1.0.100.202403111906/tools/bin/../lib/gcc/arm-none-eabi/12.3.1/thumb/v7e-m+fp/hard/crtbegin.o

.data           0x20000000       0xfc load address 0x08008304
                0x20000000                        . = ALIGN (0x4)
                0x20000000                        _sdata = .
 *(.data)
 *(.data*)
 .data.SystemCoreClock
                0x20000000        0x4 ./Core/Src/system_stm32f4xx.o
                0x20000000                SystemCoreClock
 .data.uwTickPrio
                0x20000004        0x4 ./Drivers/STM32F4xx_HAL_Driver/Src/stm32f4xx_hal.o
                0x20000004                uwTickPrio
 .data.uwTickFreq
                0x20000008        0x1 ./Drivers/STM32F4xx_HAL_Driver/Src/stm32f4xx_hal.o
                0x20000008                uwTickFreq
 *fill*         0x20000009        0x3 
 .data.USBD_CDC_DeviceQualifierDesc
                0x2000000c        0xa ./Middlewares/ST/STM32_USB_Device_Library/Class/CDC/Src/usbd_cdc.o
 *fill*         0x20000016        0x2 
 .data.USBD_CDC
                0x20000018       0x38 ./Middlewares/ST/STM32_USB_Device_Library/Class/CDC/Src/usbd_cdc.o
                0x20000018                USBD_CDC
 .data.USBD_CDC_CfgDesc
                0x20000050       0x43 ./Middlewares/ST/STM32_USB_Device_Library/Class/CDC/Src/usbd_cdc.o
 .data.CDCInEpAdd
                0x20000093        0x1 ./Middlewares/ST/STM32_USB_Device_Library/Class/CDC/Src/usbd_cdc.o
 .data.CDCOutEpAdd
                0x20000094        0x1 ./Middlewares/ST/STM32_USB_Device_Library/Class/CDC/Src/usbd_cdc.o
 .data.CDCCmdEpAdd
                0x20000095        0x1 ./Middlewares/ST/STM32_USB_Device_Library/Class/CDC/Src/usbd_cdc.o
 *fill*         0x20000096        0x2 
 .data.USBD_Interface_fops_FS
                0x20000098       0x14 ./USB_DEVICE/App/usbd_cdc_if.o
                0x20000098                USBD_Interface_fops_FS
 .data.FS_Desc  0x200000ac       0x1c ./USB_DEVICE/App/usbd_desc.o
                0x200000ac                FS_Desc
 .data.USBD_FS_DeviceDesc
                0x200000c8       0x12 ./USB_DEVICE/App/usbd_desc.o
                0x200000c8                USBD_FS_DeviceDesc
 *fill*         0x200000da        0x2 
 .data.USBD_LangIDDesc
                0x200000dc        0x4 ./USB_DEVICE/App/usbd_desc.o
                0x200000dc                USBD_LangIDDesc
 .data.USBD_StringSerial
                0x200000e0       0x1a ./USB_DEVICE/App/usbd_desc.o
                0x200000e0                USBD_StringSerial
 *(.RamFunc)
 *(.RamFunc*)
                0x200000fc                        . = ALIGN (0x4)
 *fill*         0x200000fa        0x2 
                0x200000fc                        _edata = .

.igot.plt       0x200000fc        0x0 load address 0x08008400
 .igot.plt      0x200000fc        0x0 /Applications/STM32CubeIDE.app/Contents/Eclipse/plugins/com.st.stm32cube.ide.mcu.externaltools.gnu-tools-for-stm32.12.3.rel1.macos64_1.0.100.202403111906/tools/bin/../lib/gcc/arm-none-eabi/12.3.1/thumb/v7e-m+fp/hard/crtbegin.o
                0x200000fc                        . = ALIGN (0x4)

.bss            0x200000fc     0x1d34 load address 0x08008400
                0x200000fc                        _sbss = .
                0x200000fc                        __bss_start__ = _sbss
 *(.bss)
 .bss           0x200000fc       0x1c /Applications/STM32CubeIDE.app/Contents/Eclipse/plugins/com.st.stm32cube.ide.mcu.externaltools.gnu-tools-for-stm32.12.3.rel1.macos64_1.0.100.202403111906/tools/bin/../lib/gcc/arm-none-eabi/12.3.1/thumb/v7e-m+fp/hard/crtbegin.o
 *(.bss*)
 .bss.hadc1     0x20000118       0x48 ./Core/Src/adc.o
                0x20000118                hadc1
 .bss.hspi1     0x20000160       0x58 ./Core/Src/spi.o
                0x20000160                hspi1
 .bss.htim1     0x200001b8       0x48 ./Core/Src/tim.o
                0x200001b8                htim1
 .bss.htim2     0x20000200       0x48 ./Core/Src/tim.o
                0x20000200                htim2
 .bss.uwTick    0x20000248        0x4 ./Drivers/STM32F4xx_HAL_Driver/Src/stm32f4xx_hal.o
                0x20000248                uwTick
 .bss.cfgidx.0  0x2000024c        0x1 ./Middlewares/ST/STM32_USB_Device_Library/Core/Src/usbd_ctlreq.o
 *fill*         0x2000024d        0x3 
 .bss.hUsbDeviceFS
                0x20000250      0x2dc ./USB_DEVICE/App/usb_device.o
                0x20000250                hUsbDeviceFS
 .bss.UserRxBufferFS
                0x2000052c      0x800 ./USB_DEVICE/App/usbd_cdc_if.o
                0x2000052c                UserRxBufferFS
 .bss.UserTxBufferFS
                0x20000d2c      0x800 ./USB_DEVICE/App/usbd_cdc_if.o
                0x20000d2c                UserTxBufferFS
 .bss.USBD_StrDesc
                0x2000152c      0x200 ./USB_DEVICE/App/usbd_desc.o
                0x2000152c                USBD_StrDesc
 .bss.hpcd_USB_OTG_FS
                0x2000172c      0x4e4 ./USB_DEVICE/Target/usbd_conf.o
                0x2000172c                hpcd_USB_OTG_FS
 .bss.mem.0     0x20001c10      0x220 ./USB_DEVICE/Target/usbd_conf.o
 *(COMMON)
                0x20001e30                        . = ALIGN (0x4)
                0x20001e30                        _ebss = .
                0x20001e30                        __bss_end__ = _ebss

._user_heap_stack
                0x20001e30      0x600 load address 0x08008400
                0x20001e30                        . = ALIGN (0x8)
                [!provide]                        PROVIDE (end = .)
                0x20001e30                        PROVIDE (_end = .)
                0x20002030                        . = (. + _Min_Heap_Size)
 *fill*         0x20001e30      0x200 
                0x20002430                        . = (. + _Min_Stack_Size)
 *fill*         0x20002030      0x400 
                0x20002430                        . = ALIGN (0x8)

/DISCARD/
 libc.a(*)
 libm.a(*)
 libgcc.a(*)

.ARM.attributes
                0x00000000       0x30
 *(.ARM.attributes)
 .ARM.attributes
                0x00000000       0x22 /Applications/STM32CubeIDE.app/Contents/Eclipse/plugins/com.st.stm32cube.ide.mcu.externaltools.gnu-tools-for-stm32.12.3.rel1.macos64_1.0.100.202403111906/tools/bin/../lib/gcc/arm-none-eabi/12.3.1/thumb/v7e-m+fp/hard/crti.o
 .ARM.attributes
                0x00000022       0x34 /Applications/STM32CubeIDE.app/Contents/Eclipse/plugins/com.st.stm32cube.ide.mcu.externaltools.gnu-tools-for-stm32.12.3.rel1.macos64_1.0.100.202403111906/tools/bin/../lib/gcc/arm-none-eabi/12.3.1/thumb/v7e-m+fp/hard/crtbegin.o
 .ARM.attributes
                0x00000056       0x34 ./Core/Src/adc.o
 .ARM.attributes
                0x0000008a       0x34 ./Core/Src/gpio.o
 .ARM.attributes
                0x000000be       0x34 ./Core/Src/main.o
 .ARM.attributes
                0x000000f2       0x34 ./Core/Src/spi.o
 .ARM.attributes
                0x00000126       0x34 ./Core/Src/stm32f4xx_hal_msp.o
 .ARM.attributes
                0x0000015a       0x34 ./Core/Src/stm32f4xx_it.o
 .ARM.attributes
                0x0000018e       0x34 ./Core/Src/system_stm32f4xx.o
 .ARM.attributes
                0x000001c2       0x34 ./Core/Src/tim.o
 .ARM.attributes
                0x000001f6       0x21 ./Core/Startup/startup_stm32f411ceux.o
 .ARM.attributes
                0x00000217       0x34 ./Drivers/STM32F4xx_HAL_Driver/Src/stm32f4xx_hal.o
 .ARM.attributes
                0x0000024b       0x34 ./Drivers/STM32F4xx_HAL_Driver/Src/stm32f4xx_hal_adc.o
 .ARM.attributes
                0x0000027f       0x34 ./Drivers/STM32F4xx_HAL_Driver/Src/stm32f4xx_hal_cortex.o
 .ARM.attributes
                0x000002b3       0x34 ./Drivers/STM32F4xx_HAL_Driver/Src/stm32f4xx_hal_gpio.o
 .ARM.attributes
                0x000002e7       0x34 ./Drivers/STM32F4xx_HAL_Driver/Src/stm32f4xx_hal_pcd.o
 .ARM.attributes
                0x0000031b       0x34 ./Drivers/STM32F4xx_HAL_Driver/Src/stm32f4xx_hal_pcd_ex.o
 .ARM.attributes
                0x0000034f       0x34 ./Drivers/STM32F4xx_HAL_Driver/Src/stm32f4xx_hal_rcc.o
 .ARM.attributes
                0x00000383       0x34 ./Drivers/STM32F4xx_HAL_Driver/Src/stm32f4xx_hal_spi.o
 .ARM.attributes
                0x000003b7       0x34 ./Drivers/STM32F4xx_HAL_Driver/Src/stm32f4xx_hal_tim.o
 .ARM.attributes
                0x000003eb       0x34 ./Drivers/STM32F4xx_HAL_Driver/Src/stm32f4xx_hal_tim_ex.o
 .ARM.attributes
                0x0000041f       0x34 ./Drivers/STM32F4xx_HAL_Driver/Src/stm32f4xx_ll_usb.o
 .ARM.attributes
                0x00000453       0x34 ./Middlewares/ST/STM32_USB_Device_Library/Class/CDC/Src/usbd_cdc.o
 .ARM.attributes
                0x00000487       0x34 ./Middlewares/ST/STM32_USB_Device_Library/Core/Src/usbd_core.o
 .ARM.attributes
                0x000004bb       0x34 ./Middlewares/ST/STM32_USB_Device_Library/Core/Src/usbd_ctlreq.o
 .ARM.attributes
                0x000004ef       0x34 ./Middlewares/ST/STM32_USB_Device_Library/Core/Src/usbd_ioreq.o
 .ARM.attributes
                0x00000523       0x34 ./USB_DEVICE/App/usb_device.o
 .ARM.attributes
                0x00000557       0x34 ./USB_DEVICE/App/usbd_cdc_if.o
 .ARM.attributes
                0x0000058b       0x34 ./USB_DEVICE/App/usbd_desc.o
 .ARM.attributes
                0x000005bf       0x34 ./USB_DEVICE/Target/usbd_conf.o
 .ARM.attributes
                0x000005f3       0x34 /Applications/STM32CubeIDE.app/Contents/Eclipse/plugins/com.st.stm32cube.ide.mcu.externaltools.gnu-tools-for-stm32.12.3.rel1.macos64_1.0.100.202403111906/tools/bin/../lib/gcc/arm-none-eabi/12.3.1/../../../../arm-none-eabi/lib/thumb/v7e-m+fp/hard/libc_nano.a(libc_a-memset.o)
 .ARM.attributes
                0x00000627       0x34 /Applications/STM32CubeIDE.app/Contents/Eclipse/plugins/com.st.stm32cube.ide.mcu.externaltools.gnu-tools-for-stm32.12.3.rel1.macos64_1.0.100.202403111906/tools/bin/../lib/gcc/arm-none-eabi/12.3.1/../../../../arm-none-eabi/lib/thumb/v7e-m+fp/hard/libc_nano.a(libc_a-init.o)
 .ARM.attributes
                0x0000065b       0x22 /Applications/STM32CubeIDE.app/Contents/Eclipse/plugins/com.st.stm32cube.ide.mcu.externaltools.gnu-tools-for-stm32.12.3.rel1.macos64_1.0.100.202403111906/tools/bin/../lib/gcc/arm-none-eabi/12.3.1/thumb/v7e-m+fp/hard/libgcc.a(_aeabi_uldivmod.o)
 .ARM.attributes
                0x0000067d       0x34 /Applications/STM32CubeIDE.app/Contents/Eclipse/plugins/com.st.stm32cube.ide.mcu.externaltools.gnu-tools-for-stm32.12.3.rel1.macos64_1.0.100.202403111906/tools/bin/../lib/gcc/arm-none-eabi/12.3.1/thumb/v7e-m+fp/hard/libgcc.a(_udivmoddi4.o)
 .ARM.attributes
                0x000006b1       0x22 /Applications/STM32CubeIDE.app/Contents/Eclipse/plugins/com.st.stm32cube.ide.mcu.externaltools.gnu-tools-for-stm32.12.3.rel1.macos64_1.0.100.202403111906/tools/bin/../lib/gcc/arm-none-eabi/12.3.1/thumb/v7e-m+fp/hard/libgcc.a(_dvmd_tls.o)
 .ARM.attributes
                0x000006d3       0x22 /Applications/STM32CubeIDE.app/Contents/Eclipse/plugins/com.st.stm32cube.ide.mcu.externaltools.gnu-tools-for-stm32.12.3.rel1.macos64_1.0.100.202403111906/tools/bin/../lib/gcc/arm-none-eabi/12.3.1/thumb/v7e-m+fp/hard/crtn.o
OUTPUT(Tektite-R_RoTo.elf elf32-littlearm)
LOAD linker stubs
LOAD /Applications/STM32CubeIDE.app/Contents/Eclipse/plugins/com.st.stm32cube.ide.mcu.externaltools.gnu-tools-for-stm32.12.3.rel1.macos64_1.0.100.202403111906/tools/bin/../lib/gcc/arm-none-eabi/12.3.1/../../../../arm-none-eabi/lib/thumb/v7e-m+fp/hard/libc.a
LOAD /Applications/STM32CubeIDE.app/Contents/Eclipse/plugins/com.st.stm32cube.ide.mcu.externaltools.gnu-tools-for-stm32.12.3.rel1.macos64_1.0.100.202403111906/tools/bin/../lib/gcc/arm-none-eabi/12.3.1/../../../../arm-none-eabi/lib/thumb/v7e-m+fp/hard/libm.a
LOAD /Applications/STM32CubeIDE.app/Contents/Eclipse/plugins/com.st.stm32cube.ide.mcu.externaltools.gnu-tools-for-stm32.12.3.rel1.macos64_1.0.100.202403111906/tools/bin/../lib/gcc/arm-none-eabi/12.3.1/thumb/v7e-m+fp/hard/libgcc.a

.debug_info     0x00000000    0x157a7
 .debug_info    0x00000000      0x9c6 ./Core/Src/adc.o
 .debug_info    0x000009c6      0x417 ./Core/Src/gpio.o
 .debug_info    0x00000ddd      0x4fd ./Core/Src/main.o
 .debug_info    0x000012da      0x976 ./Core/Src/spi.o
 .debug_info    0x00001c50      0x291 ./Core/Src/stm32f4xx_hal_msp.o
 .debug_info    0x00001ee1      0x627 ./Core/Src/stm32f4xx_it.o
 .debug_info    0x00002508      0x53e ./Core/Src/system_stm32f4xx.o
 .debug_info    0x00002a46      0xd53 ./Core/Src/tim.o
 .debug_info    0x00003799       0x30 ./Core/Startup/startup_stm32f411ceux.o
 .debug_info    0x000037c9      0x8c4 ./Drivers/STM32F4xx_HAL_Driver/Src/stm32f4xx_hal.o
 .debug_info    0x0000408d      0xcd1 ./Drivers/STM32F4xx_HAL_Driver/Src/stm32f4xx_hal_adc.o
 .debug_info    0x00004d5e      0xcc7 ./Drivers/STM32F4xx_HAL_Driver/Src/stm32f4xx_hal_cortex.o
 .debug_info    0x00005a25      0x6f9 ./Drivers/STM32F4xx_HAL_Driver/Src/stm32f4xx_hal_gpio.o
 .debug_info    0x0000611e     0x1577 ./Drivers/STM32F4xx_HAL_Driver/Src/stm32f4xx_hal_pcd.o
 .debug_info    0x00007695      0x6ea ./Drivers/STM32F4xx_HAL_Driver/Src/stm32f4xx_hal_pcd_ex.o
 .debug_info    0x00007d7f      0x8f2 ./Drivers/STM32F4xx_HAL_Driver/Src/stm32f4xx_hal_rcc.o
 .debug_info    0x00008671     0x1606 ./Drivers/STM32F4xx_HAL_Driver/Src/stm32f4xx_hal_spi.o
 .debug_info    0x00009c77     0x2996 ./Drivers/STM32F4xx_HAL_Driver/Src/stm32f4xx_hal_tim.o
 .debug_info    0x0000c60d     0x14d4 ./Drivers/STM32F4xx_HAL_Driver/Src/stm32f4xx_hal_tim_ex.o
 .debug_info    0x0000dae1     0x1993 ./Drivers/STM32F4xx_HAL_Driver/Src/stm32f4xx_ll_usb.o
 .debug_info    0x0000f474     0x12a3 ./Middlewares/ST/STM32_USB_Device_Library/Class/CDC/Src/usbd_cdc.o
 .debug_info    0x00010717      0xe05 ./Middlewares/ST/STM32_USB_Device_Library/Core/Src/usbd_core.o
 .debug_info    0x0001151c      0xade ./Middlewares/ST/STM32_USB_Device_Library/Core/Src/usbd_ctlreq.o
 .debug_info    0x00011ffa      0x755 ./Middlewares/ST/STM32_USB_Device_Library/Core/Src/usbd_ioreq.o
 .debug_info    0x0001274f      0x701 ./USB_DEVICE/App/usb_device.o
 .debug_info    0x00012e50      0x8fa ./USB_DEVICE/App/usbd_cdc_if.o
 .debug_info    0x0001374a      0x458 ./USB_DEVICE/App/usbd_desc.o
 .debug_info    0x00013ba2     0x1c05 ./USB_DEVICE/Target/usbd_conf.o

.debug_abbrev   0x00000000     0x3a85
 .debug_abbrev  0x00000000      0x1f2 ./Core/Src/adc.o
 .debug_abbrev  0x000001f2      0x151 ./Core/Src/gpio.o
 .debug_abbrev  0x00000343      0x1d7 ./Core/Src/main.o
 .debug_abbrev  0x0000051a      0x1f1 ./Core/Src/spi.o
 .debug_abbrev  0x0000070b       0xd8 ./Core/Src/stm32f4xx_hal_msp.o
 .debug_abbrev  0x000007e3      0x1a4 ./Core/Src/stm32f4xx_it.o
 .debug_abbrev  0x00000987      0x11a ./Core/Src/system_stm32f4xx.o
 .debug_abbrev  0x00000aa1      0x22a ./Core/Src/tim.o
 .debug_abbrev  0x00000ccb       0x24 ./Core/Startup/startup_stm32f411ceux.o
 .debug_abbrev  0x00000cef      0x24b ./Drivers/STM32F4xx_HAL_Driver/Src/stm32f4xx_hal.o
 .debug_abbrev  0x00000f3a      0x20e ./Drivers/STM32F4xx_HAL_Driver/Src/stm32f4xx_hal_adc.o
 .debug_abbrev  0x00001148      0x328 ./Drivers/STM32F4xx_HAL_Driver/Src/stm32f4xx_hal_cortex.o
 .debug_abbrev  0x00001470      0x1d3 ./Drivers/STM32F4xx_HAL_Driver/Src/stm32f4xx_hal_gpio.o
 .debug_abbrev  0x00001643      0x2b6 ./Drivers/STM32F4xx_HAL_Driver/Src/stm32f4xx_hal_pcd.o
 .debug_abbrev  0x000018f9      0x1da ./Drivers/STM32F4xx_HAL_Driver/Src/stm32f4xx_hal_pcd_ex.o
 .debug_abbrev  0x00001ad3      0x2b5 ./Drivers/STM32F4xx_HAL_Driver/Src/stm32f4xx_hal_rcc.o
 .debug_abbrev  0x00001d88      0x280 ./Drivers/STM32F4xx_HAL_Driver/Src/stm32f4xx_hal_spi.o
 .debug_abbrev  0x00002008      0x28b ./Drivers/STM32F4xx_HAL_Driver/Src/stm32f4xx_hal_tim.o
 .debug_abbrev  0x00002293      0x296 ./Drivers/STM32F4xx_HAL_Driver/Src/stm32f4xx_hal_tim_ex.o
 .debug_abbrev  0x00002529      0x2b3 ./Drivers/STM32F4xx_HAL_Driver/Src/stm32f4xx_ll_usb.o
 .debug_abbrev  0x000027dc      0x2d2 ./Middlewares/ST/STM32_USB_Device_Library/Class/CDC/Src/usbd_cdc.o
 .debug_abbrev  0x00002aae      0x27c ./Middlewares/ST/STM32_USB_Device_Library/Core/Src/usbd_core.o
 .debug_abbrev  0x00002d2a      0x26f ./Middlewares/ST/STM32_USB_Device_Library/Core/Src/usbd_ctlreq.o
 .debug_abbrev  0x00002f99      0x19a ./Middlewares/ST/STM32_USB_Device_Library/Core/Src/usbd_ioreq.o
 .debug_abbrev  0x00003133      0x195 ./USB_DEVICE/App/usb_device.o
 .debug_abbrev  0x000032c8      0x29d ./USB_DEVICE/App/usbd_cdc_if.o
 .debug_abbrev  0x00003565      0x1e1 ./USB_DEVICE/App/usbd_desc.o
 .debug_abbrev  0x00003746      0x33f ./USB_DEVICE/Target/usbd_conf.o

.debug_aranges  0x00000000     0x13e8
 .debug_aranges
                0x00000000       0x30 ./Core/Src/adc.o
 .debug_aranges
                0x00000030       0x20 ./Core/Src/gpio.o
 .debug_aranges
                0x00000050       0x30 ./Core/Src/main.o
 .debug_aranges
                0x00000080       0x30 ./Core/Src/spi.o
 .debug_aranges
                0x000000b0       0x20 ./Core/Src/stm32f4xx_hal_msp.o
 .debug_aranges
                0x000000d0       0x68 ./Core/Src/stm32f4xx_it.o
 .debug_aranges
                0x00000138       0x28 ./Core/Src/system_stm32f4xx.o
 .debug_aranges
                0x00000160       0x40 ./Core/Src/tim.o
 .debug_aranges
                0x000001a0       0x28 ./Core/Startup/startup_stm32f411ceux.o
 .debug_aranges
                0x000001c8       0xf0 ./Drivers/STM32F4xx_HAL_Driver/Src/stm32f4xx_hal.o
 .debug_aranges
                0x000002b8       0xe8 ./Drivers/STM32F4xx_HAL_Driver/Src/stm32f4xx_hal_adc.o
 .debug_aranges
                0x000003a0      0x120 ./Drivers/STM32F4xx_HAL_Driver/Src/stm32f4xx_hal_cortex.o
 .debug_aranges
                0x000004c0       0x58 ./Drivers/STM32F4xx_HAL_Driver/Src/stm32f4xx_hal_gpio.o
 .debug_aranges
                0x00000518      0x148 ./Drivers/STM32F4xx_HAL_Driver/Src/stm32f4xx_hal_pcd.o
 .debug_aranges
                0x00000660       0x38 ./Drivers/STM32F4xx_HAL_Driver/Src/stm32f4xx_hal_pcd_ex.o
 .debug_aranges
                0x00000698       0x88 ./Drivers/STM32F4xx_HAL_Driver/Src/stm32f4xx_hal_rcc.o
 .debug_aranges
                0x00000720      0x1d0 ./Drivers/STM32F4xx_HAL_Driver/Src/stm32f4xx_hal_spi.o
 .debug_aranges
                0x000008f0      0x3d0 ./Drivers/STM32F4xx_HAL_Driver/Src/stm32f4xx_hal_tim.o
 .debug_aranges
                0x00000cc0      0x168 ./Drivers/STM32F4xx_HAL_Driver/Src/stm32f4xx_hal_tim_ex.o
 .debug_aranges
                0x00000e28      0x1a0 ./Drivers/STM32F4xx_HAL_Driver/Src/stm32f4xx_ll_usb.o
 .debug_aranges
                0x00000fc8       0x90 ./Middlewares/ST/STM32_USB_Device_Library/Class/CDC/Src/usbd_cdc.o
 .debug_aranges
                0x00001058       0xd8 ./Middlewares/ST/STM32_USB_Device_Library/Core/Src/usbd_core.o
 .debug_aranges
                0x00001130       0x90 ./Middlewares/ST/STM32_USB_Device_Library/Core/Src/usbd_ctlreq.o
 .debug_aranges
                0x000011c0       0x50 ./Middlewares/ST/STM32_USB_Device_Library/Core/Src/usbd_ioreq.o
 .debug_aranges
                0x00001210       0x20 ./USB_DEVICE/App/usb_device.o
 .debug_aranges
                0x00001230       0x48 ./USB_DEVICE/App/usbd_cdc_if.o
 .debug_aranges
                0x00001278       0x60 ./USB_DEVICE/App/usbd_desc.o
 .debug_aranges
                0x000012d8      0x110 ./USB_DEVICE/Target/usbd_conf.o

.debug_rnglists
                0x00000000      0xf27
 .debug_rnglists
                0x00000000       0x21 ./Core/Src/adc.o
 .debug_rnglists
                0x00000021       0x14 ./Core/Src/gpio.o
 .debug_rnglists
                0x00000035       0x20 ./Core/Src/main.o
 .debug_rnglists
                0x00000055       0x20 ./Core/Src/spi.o
 .debug_rnglists
                0x00000075       0x13 ./Core/Src/stm32f4xx_hal_msp.o
 .debug_rnglists
                0x00000088       0x49 ./Core/Src/stm32f4xx_it.o
 .debug_rnglists
                0x000000d1       0x1a ./Core/Src/system_stm32f4xx.o
 .debug_rnglists
                0x000000eb       0x2e ./Core/Src/tim.o
 .debug_rnglists
                0x00000119       0x19 ./Core/Startup/startup_stm32f411ceux.o
 .debug_rnglists
                0x00000132       0xaf ./Drivers/STM32F4xx_HAL_Driver/Src/stm32f4xx_hal.o
 .debug_rnglists
                0x000001e1       0xb5 ./Drivers/STM32F4xx_HAL_Driver/Src/stm32f4xx_hal_adc.o
 .debug_rnglists
                0x00000296       0xd4 ./Drivers/STM32F4xx_HAL_Driver/Src/stm32f4xx_hal_cortex.o
 .debug_rnglists
                0x0000036a       0x3f ./Drivers/STM32F4xx_HAL_Driver/Src/stm32f4xx_hal_gpio.o
 .debug_rnglists
                0x000003a9       0xfa ./Drivers/STM32F4xx_HAL_Driver/Src/stm32f4xx_hal_pcd.o
 .debug_rnglists
                0x000004a3       0x26 ./Drivers/STM32F4xx_HAL_Driver/Src/stm32f4xx_hal_pcd_ex.o
 .debug_rnglists
                0x000004c9       0x66 ./Drivers/STM32F4xx_HAL_Driver/Src/stm32f4xx_hal_rcc.o
 .debug_rnglists
                0x0000052f      0x16f ./Drivers/STM32F4xx_HAL_Driver/Src/stm32f4xx_hal_spi.o
 .debug_rnglists
                0x0000069e      0x31a ./Drivers/STM32F4xx_HAL_Driver/Src/stm32f4xx_hal_tim.o
 .debug_rnglists
                0x000009b8      0x125 ./Drivers/STM32F4xx_HAL_Driver/Src/stm32f4xx_hal_tim_ex.o
 .debug_rnglists
                0x00000add      0x147 ./Drivers/STM32F4xx_HAL_Driver/Src/stm32f4xx_ll_usb.o
 .debug_rnglists
                0x00000c24       0x6c ./Middlewares/ST/STM32_USB_Device_Library/Class/CDC/Src/usbd_cdc.o
 .debug_rnglists
                0x00000c90       0xa1 ./Middlewares/ST/STM32_USB_Device_Library/Core/Src/usbd_core.o
 .debug_rnglists
                0x00000d31       0x6e ./Middlewares/ST/STM32_USB_Device_Library/Core/Src/usbd_ctlreq.o
 .debug_rnglists
                0x00000d9f       0x37 ./Middlewares/ST/STM32_USB_Device_Library/Core/Src/usbd_ioreq.o
 .debug_rnglists
                0x00000dd6       0x13 ./USB_DEVICE/App/usb_device.o
 .debug_rnglists
                0x00000de9       0x32 ./USB_DEVICE/App/usbd_cdc_if.o
 .debug_rnglists
                0x00000e1b       0x43 ./USB_DEVICE/App/usbd_desc.o
 .debug_rnglists
                0x00000e5e       0xc9 ./USB_DEVICE/Target/usbd_conf.o

.debug_macro    0x00000000    0x1af72
 .debug_macro   0x00000000      0x233 ./Core/Src/adc.o
 .debug_macro   0x00000233      0xab4 ./Core/Src/adc.o
 .debug_macro   0x00000ce7      0x2a7 ./Core/Src/adc.o
 .debug_macro   0x00000f8e       0x2e ./Core/Src/adc.o
 .debug_macro   0x00000fbc       0x28 ./Core/Src/adc.o
 .debug_macro   0x00000fe4       0x22 ./Core/Src/adc.o
 .debug_macro   0x00001006       0x8e ./Core/Src/adc.o
 .debug_macro   0x00001094       0x51 ./Core/Src/adc.o
 .debug_macro   0x000010e5      0x103 ./Core/Src/adc.o
 .debug_macro   0x000011e8       0x6a ./Core/Src/adc.o
 .debug_macro   0x00001252      0x1df ./Core/Src/adc.o
 .debug_macro   0x00001431       0x1c ./Core/Src/adc.o
 .debug_macro   0x0000144d       0x22 ./Core/Src/adc.o
 .debug_macro   0x0000146f       0xfb ./Core/Src/adc.o
 .debug_macro   0x0000156a     0x1011 ./Core/Src/adc.o
 .debug_macro   0x0000257b      0x11f ./Core/Src/adc.o
 .debug_macro   0x0000269a     0xb953 ./Core/Src/adc.o
 .debug_macro   0x0000dfed       0x6d ./Core/Src/adc.o
 .debug_macro   0x0000e05a     0x368c ./Core/Src/adc.o
 .debug_macro   0x000116e6      0x189 ./Core/Src/adc.o
 .debug_macro   0x0001186f       0x5c ./Core/Src/adc.o
 .debug_macro   0x000118cb      0x45c ./Core/Src/adc.o
 .debug_macro   0x00011d27      0x9e9 ./Core/Src/adc.o
 .debug_macro   0x00012710      0x115 ./Core/Src/adc.o
 .debug_macro   0x00012825      0x11b ./Core/Src/adc.o
 .debug_macro   0x00012940       0xa5 ./Core/Src/adc.o
 .debug_macro   0x000129e5      0x15f ./Core/Src/adc.o
 .debug_macro   0x00012b44      0x287 ./Core/Src/adc.o
 .debug_macro   0x00012dcb       0x5f ./Core/Src/adc.o
 .debug_macro   0x00012e2a      0x236 ./Core/Src/adc.o
 .debug_macro   0x00013060      0x9e1 ./Core/Src/adc.o
 .debug_macro   0x00013a41      0x38b ./Core/Src/adc.o
 .debug_macro   0x00013dcc      0x17d ./Core/Src/adc.o
 .debug_macro   0x00013f49       0xf9 ./Core/Src/adc.o
 .debug_macro   0x00014042      0x132 ./Core/Src/adc.o
 .debug_macro   0x00014174      0x264 ./Core/Src/adc.o
 .debug_macro   0x000143d8       0x2e ./Core/Src/adc.o
 .debug_macro   0x00014406      0x127 ./Core/Src/adc.o
 .debug_macro   0x0001452d       0x85 ./Core/Src/adc.o
 .debug_macro   0x000145b2       0x89 ./Core/Src/adc.o
 .debug_macro   0x0001463b      0x225 ./Core/Src/adc.o
 .debug_macro   0x00014860      0x8ed ./Core/Src/adc.o
 .debug_macro   0x0001514d       0x47 ./Core/Src/adc.o
 .debug_macro   0x00015194      0x293 ./Core/Src/adc.o
 .debug_macro   0x00015427       0xba ./Core/Src/adc.o
 .debug_macro   0x000154e1      0x126 ./Core/Src/adc.o
 .debug_macro   0x00015607       0xd0 ./Core/Src/adc.o
 .debug_macro   0x000156d7      0x233 ./Core/Src/gpio.o
 .debug_macro   0x0001590a      0x3b9 ./Core/Src/main.o
 .debug_macro   0x00015cc3       0x61 ./Core/Src/main.o
 .debug_macro   0x00015d24       0x2a ./Core/Src/main.o
 .debug_macro   0x00015d4e       0x43 ./Core/Src/main.o
 .debug_macro   0x00015d91       0x34 ./Core/Src/main.o
 .debug_macro   0x00015dc5       0x16 ./Core/Src/main.o
 .debug_macro   0x00015ddb       0x35 ./Core/Src/main.o
 .debug_macro   0x00015e10      0x369 ./Core/Src/main.o
 .debug_macro   0x00016179       0x10 ./Core/Src/main.o
 .debug_macro   0x00016189       0x16 ./Core/Src/main.o
 .debug_macro   0x0001619f       0x43 ./Core/Src/main.o
 .debug_macro   0x000161e2       0x34 ./Core/Src/main.o
 .debug_macro   0x00016216       0x10 ./Core/Src/main.o
 .debug_macro   0x00016226       0x58 ./Core/Src/main.o
 .debug_macro   0x0001627e       0x8e ./Core/Src/main.o
 .debug_macro   0x0001630c       0x1c ./Core/Src/main.o
 .debug_macro   0x00016328      0x177 ./Core/Src/main.o
 .debug_macro   0x0001649f       0x16 ./Core/Src/main.o
 .debug_macro   0x000164b5       0x16 ./Core/Src/main.o
 .debug_macro   0x000164cb      0x146 ./Core/Src/main.o
 .debug_macro   0x00016611       0x16 ./Core/Src/main.o
 .debug_macro   0x00016627       0x16 ./Core/Src/main.o
 .debug_macro   0x0001663d       0x29 ./Core/Src/main.o
 .debug_macro   0x00016666       0x16 ./Core/Src/main.o
 .debug_macro   0x0001667c       0x20 ./Core/Src/main.o
 .debug_macro   0x0001669c       0x65 ./Core/Src/main.o
 .debug_macro   0x00016701      0x20f ./Core/Src/main.o
 .debug_macro   0x00016910      0x233 ./Core/Src/spi.o
 .debug_macro   0x00016b43      0x229 ./Core/Src/stm32f4xx_hal_msp.o
 .debug_macro   0x00016d6c      0x233 ./Core/Src/stm32f4xx_it.o
 .debug_macro   0x00016f9f      0x21a ./Core/Src/system_stm32f4xx.o
 .debug_macro   0x000171b9      0x233 ./Core/Src/tim.o
 .debug_macro   0x000173ec      0x27a ./Drivers/STM32F4xx_HAL_Driver/Src/stm32f4xx_hal.o
 .debug_macro   0x00017666      0x21b ./Drivers/STM32F4xx_HAL_Driver/Src/stm32f4xx_hal_adc.o
 .debug_macro   0x00017881      0x21a ./Drivers/STM32F4xx_HAL_Driver/Src/stm32f4xx_hal_cortex.o
 .debug_macro   0x00017a9b      0x220 ./Drivers/STM32F4xx_HAL_Driver/Src/stm32f4xx_hal_gpio.o
 .debug_macro   0x00017cbb      0x226 ./Drivers/STM32F4xx_HAL_Driver/Src/stm32f4xx_hal_pcd.o
 .debug_macro   0x00017ee1      0x21a ./Drivers/STM32F4xx_HAL_Driver/Src/stm32f4xx_hal_pcd_ex.o
 .debug_macro   0x000180fb      0x23e ./Drivers/STM32F4xx_HAL_Driver/Src/stm32f4xx_hal_rcc.o
 .debug_macro   0x00018339      0x229 ./Drivers/STM32F4xx_HAL_Driver/Src/stm32f4xx_hal_spi.o
 .debug_macro   0x00018562      0x21b ./Drivers/STM32F4xx_HAL_Driver/Src/stm32f4xx_hal_tim.o
 .debug_macro   0x0001877d      0x21a ./Drivers/STM32F4xx_HAL_Driver/Src/stm32f4xx_hal_tim_ex.o
 .debug_macro   0x00018997      0x21a ./Drivers/STM32F4xx_HAL_Driver/Src/stm32f4xx_ll_usb.o
 .debug_macro   0x00018bb1      0x3b8 ./Middlewares/ST/STM32_USB_Device_Library/Class/CDC/Src/usbd_cdc.o
 .debug_macro   0x00018f69       0x9e ./Middlewares/ST/STM32_USB_Device_Library/Class/CDC/Src/usbd_cdc.o
 .debug_macro   0x00019007      0x10b ./Middlewares/ST/STM32_USB_Device_Library/Class/CDC/Src/usbd_cdc.o
 .debug_macro   0x00019112       0x56 ./Middlewares/ST/STM32_USB_Device_Library/Class/CDC/Src/usbd_cdc.o
 .debug_macro   0x00019168       0x95 ./Middlewares/ST/STM32_USB_Device_Library/Class/CDC/Src/usbd_cdc.o
 .debug_macro   0x000191fd      0x39f ./Middlewares/ST/STM32_USB_Device_Library/Core/Src/usbd_core.o
 .debug_macro   0x0001959c      0x215 ./Middlewares/ST/STM32_USB_Device_Library/Core/Src/usbd_core.o
 .debug_macro   0x000197b1      0x3a9 ./Middlewares/ST/STM32_USB_Device_Library/Core/Src/usbd_ctlreq.o
 .debug_macro   0x00019b5a      0x3a5 ./Middlewares/ST/STM32_USB_Device_Library/Core/Src/usbd_ioreq.o
 .debug_macro   0x00019eff      0x3d8 ./USB_DEVICE/App/usb_device.o
 .debug_macro   0x0001a2d7       0xd6 ./USB_DEVICE/App/usb_device.o
 .debug_macro   0x0001a3ad       0x22 ./USB_DEVICE/App/usb_device.o
 .debug_macro   0x0001a3cf       0x16 ./USB_DEVICE/App/usb_device.o
 .debug_macro   0x0001a3e5      0x3c3 ./USB_DEVICE/App/usbd_cdc_if.o
 .debug_macro   0x0001a7a8       0x10 ./USB_DEVICE/App/usbd_cdc_if.o
 .debug_macro   0x0001a7b8      0x3e2 ./USB_DEVICE/App/usbd_desc.o
 .debug_macro   0x0001ab9a       0x1c ./USB_DEVICE/App/usbd_desc.o
 .debug_macro   0x0001abb6      0x3bc ./USB_DEVICE/Target/usbd_conf.o

.debug_line     0x00000000    0x1972f
 .debug_line    0x00000000      0x7f0 ./Core/Src/adc.o
 .debug_line    0x000007f0      0x7ab ./Core/Src/gpio.o
 .debug_line    0x00000f9b      0xa41 ./Core/Src/main.o
 .debug_line    0x000019dc      0x7e2 ./Core/Src/spi.o
 .debug_line    0x000021be      0x770 ./Core/Src/stm32f4xx_hal_msp.o
 .debug_line    0x0000292e      0x84b ./Core/Src/stm32f4xx_it.o
 .debug_line    0x00003179      0x7f5 ./Core/Src/system_stm32f4xx.o
 .debug_line    0x0000396e      0x930 ./Core/Src/tim.o
 .debug_line    0x0000429e       0x7a ./Core/Startup/startup_stm32f411ceux.o
 .debug_line    0x00004318      0xa5e ./Drivers/STM32F4xx_HAL_Driver/Src/stm32f4xx_hal.o
 .debug_line    0x00004d76     0x1226 ./Drivers/STM32F4xx_HAL_Driver/Src/stm32f4xx_hal_adc.o
 .debug_line    0x00005f9c      0xd26 ./Drivers/STM32F4xx_HAL_Driver/Src/stm32f4xx_hal_cortex.o
 .debug_line    0x00006cc2      0xbae ./Drivers/STM32F4xx_HAL_Driver/Src/stm32f4xx_hal_gpio.o
 .debug_line    0x00007870     0x1544 ./Drivers/STM32F4xx_HAL_Driver/Src/stm32f4xx_hal_pcd.o
 .debug_line    0x00008db4      0x83b ./Drivers/STM32F4xx_HAL_Driver/Src/stm32f4xx_hal_pcd_ex.o
 .debug_line    0x000095ef      0xdcf ./Drivers/STM32F4xx_HAL_Driver/Src/stm32f4xx_hal_rcc.o
 .debug_line    0x0000a3be     0x1d59 ./Drivers/STM32F4xx_HAL_Driver/Src/stm32f4xx_hal_spi.o
 .debug_line    0x0000c117     0x35dc ./Drivers/STM32F4xx_HAL_Driver/Src/stm32f4xx_hal_tim.o
 .debug_line    0x0000f6f3     0x19ef ./Drivers/STM32F4xx_HAL_Driver/Src/stm32f4xx_hal_tim_ex.o
 .debug_line    0x000110e2     0x1dd1 ./Drivers/STM32F4xx_HAL_Driver/Src/stm32f4xx_ll_usb.o
 .debug_line    0x00012eb3      0xefa ./Middlewares/ST/STM32_USB_Device_Library/Class/CDC/Src/usbd_cdc.o
 .debug_line    0x00013dad      0xf74 ./Middlewares/ST/STM32_USB_Device_Library/Core/Src/usbd_core.o
 .debug_line    0x00014d21     0x114d ./Middlewares/ST/STM32_USB_Device_Library/Core/Src/usbd_ctlreq.o
 .debug_line    0x00015e6e      0xa8e ./Middlewares/ST/STM32_USB_Device_Library/Core/Src/usbd_ioreq.o
 .debug_line    0x000168fc      0xa4a ./USB_DEVICE/App/usb_device.o
 .debug_line    0x00017346      0xaad ./USB_DEVICE/App/usbd_cdc_if.o
 .debug_line    0x00017df3      0xb13 ./USB_DEVICE/App/usbd_desc.o
 .debug_line    0x00018906      0xe29 ./USB_DEVICE/Target/usbd_conf.o

.debug_str      0x00000000    0x9d456
 .debug_str     0x00000000    0x937d7 ./Core/Src/adc.o
                              0x93ada (size before relaxing)
 .debug_str     0x000937d7       0x68 ./Core/Src/gpio.o
                              0x93668 (size before relaxing)
 .debug_str     0x0009383f     0x4410 ./Core/Src/main.o
                              0x97a5d (size before relaxing)
 .debug_str     0x00097c4f      0x1fe ./Core/Src/spi.o
                              0x93af4 (size before relaxing)
 .debug_str     0x00097e4d       0x2c ./Core/Src/stm32f4xx_hal_msp.o
                              0x9359d (size before relaxing)
 .debug_str     0x00097e79      0x460 ./Core/Src/stm32f4xx_it.o
                              0x93944 (size before relaxing)
 .debug_str     0x000982d9       0xdb ./Core/Src/system_stm32f4xx.o
                              0x93376 (size before relaxing)
 .debug_str     0x000983b4      0x502 ./Core/Src/tim.o
                              0x93e56 (size before relaxing)
 .debug_str     0x000988b6       0x44 ./Core/Startup/startup_stm32f411ceux.o
                                 0x9d (size before relaxing)
 .debug_str     0x000988fa      0x9ae ./Drivers/STM32F4xx_HAL_Driver/Src/stm32f4xx_hal.o
                              0x93da2 (size before relaxing)
 .debug_str     0x000992a8      0x2ca ./Drivers/STM32F4xx_HAL_Driver/Src/stm32f4xx_hal_adc.o
                              0x93951 (size before relaxing)
 .debug_str     0x00099572      0x35a ./Drivers/STM32F4xx_HAL_Driver/Src/stm32f4xx_hal_cortex.o
                              0x93ada (size before relaxing)
 .debug_str     0x000998cc      0x121 ./Drivers/STM32F4xx_HAL_Driver/Src/stm32f4xx_hal_gpio.o
                              0x934f1 (size before relaxing)
 .debug_str     0x000999ed      0x831 ./Drivers/STM32F4xx_HAL_Driver/Src/stm32f4xx_hal_pcd.o
                              0x93e42 (size before relaxing)
 .debug_str     0x0009a21e      0x115 ./Drivers/STM32F4xx_HAL_Driver/Src/stm32f4xx_hal_pcd_ex.o
                              0x93732 (size before relaxing)
 .debug_str     0x0009a333      0x21f ./Drivers/STM32F4xx_HAL_Driver/Src/stm32f4xx_hal_rcc.o
                              0x937aa (size before relaxing)
 .debug_str     0x0009a552      0x57d ./Drivers/STM32F4xx_HAL_Driver/Src/stm32f4xx_hal_spi.o
                              0x93c28 (size before relaxing)
 .debug_str     0x0009aacf      0xd66 ./Drivers/STM32F4xx_HAL_Driver/Src/stm32f4xx_hal_tim.o
                              0x946ee (size before relaxing)
 .debug_str     0x0009b835      0x3e1 ./Drivers/STM32F4xx_HAL_Driver/Src/stm32f4xx_hal_tim_ex.o
                              0x93efa (size before relaxing)
 .debug_str     0x0009bc16      0x4b0 ./Drivers/STM32F4xx_HAL_Driver/Src/stm32f4xx_ll_usb.o
                              0x93d1d (size before relaxing)
 .debug_str     0x0009c0c6      0xa2e ./Middlewares/ST/STM32_USB_Device_Library/Class/CDC/Src/usbd_cdc.o
                              0x9860c (size before relaxing)
 .debug_str     0x0009caf4      0x35c ./Middlewares/ST/STM32_USB_Device_Library/Core/Src/usbd_core.o
                              0x97f65 (size before relaxing)
 .debug_str     0x0009ce50      0x139 ./Middlewares/ST/STM32_USB_Device_Library/Core/Src/usbd_ctlreq.o
                              0x97d90 (size before relaxing)
 .debug_str     0x0009cf89       0x51 ./Middlewares/ST/STM32_USB_Device_Library/Core/Src/usbd_ioreq.o
                              0x97c65 (size before relaxing)
 .debug_str     0x0009cfda      0x105 ./USB_DEVICE/App/usb_device.o
                              0x98018 (size before relaxing)
 .debug_str     0x0009d0df       0xa1 ./USB_DEVICE/App/usbd_cdc_if.o
                              0x98058 (size before relaxing)
 .debug_str     0x0009d180      0x26e ./USB_DEVICE/App/usbd_desc.o
                              0x97b65 (size before relaxing)
 .debug_str     0x0009d3ee       0x68 ./USB_DEVICE/Target/usbd_conf.o
                              0x98d14 (size before relaxing)

.comment        0x00000000       0x43
 .comment       0x00000000       0x43 ./Core/Src/adc.o
                                 0x44 (size before relaxing)
 .comment       0x00000043       0x44 ./Core/Src/gpio.o
 .comment       0x00000043       0x44 ./Core/Src/main.o
 .comment       0x00000043       0x44 ./Core/Src/spi.o
 .comment       0x00000043       0x44 ./Core/Src/stm32f4xx_hal_msp.o
 .comment       0x00000043       0x44 ./Core/Src/stm32f4xx_it.o
 .comment       0x00000043       0x44 ./Core/Src/system_stm32f4xx.o
 .comment       0x00000043       0x44 ./Core/Src/tim.o
 .comment       0x00000043       0x44 ./Drivers/STM32F4xx_HAL_Driver/Src/stm32f4xx_hal.o
 .comment       0x00000043       0x44 ./Drivers/STM32F4xx_HAL_Driver/Src/stm32f4xx_hal_adc.o
 .comment       0x00000043       0x44 ./Drivers/STM32F4xx_HAL_Driver/Src/stm32f4xx_hal_cortex.o
 .comment       0x00000043       0x44 ./Drivers/STM32F4xx_HAL_Driver/Src/stm32f4xx_hal_gpio.o
 .comment       0x00000043       0x44 ./Drivers/STM32F4xx_HAL_Driver/Src/stm32f4xx_hal_pcd.o
 .comment       0x00000043       0x44 ./Drivers/STM32F4xx_HAL_Driver/Src/stm32f4xx_hal_pcd_ex.o
 .comment       0x00000043       0x44 ./Drivers/STM32F4xx_HAL_Driver/Src/stm32f4xx_hal_rcc.o
 .comment       0x00000043       0x44 ./Drivers/STM32F4xx_HAL_Driver/Src/stm32f4xx_hal_spi.o
 .comment       0x00000043       0x44 ./Drivers/STM32F4xx_HAL_Driver/Src/stm32f4xx_hal_tim.o
 .comment       0x00000043       0x44 ./Drivers/STM32F4xx_HAL_Driver/Src/stm32f4xx_hal_tim_ex.o
 .comment       0x00000043       0x44 ./Drivers/STM32F4xx_HAL_Driver/Src/stm32f4xx_ll_usb.o
 .comment       0x00000043       0x44 ./Middlewares/ST/STM32_USB_Device_Library/Class/CDC/Src/usbd_cdc.o
 .comment       0x00000043       0x44 ./Middlewares/ST/STM32_USB_Device_Library/Core/Src/usbd_core.o
 .comment       0x00000043       0x44 ./Middlewares/ST/STM32_USB_Device_Library/Core/Src/usbd_ctlreq.o
 .comment       0x00000043       0x44 ./Middlewares/ST/STM32_USB_Device_Library/Core/Src/usbd_ioreq.o
 .comment       0x00000043       0x44 ./USB_DEVICE/App/usb_device.o
 .comment       0x00000043       0x44 ./USB_DEVICE/App/usbd_cdc_if.o
 .comment       0x00000043       0x44 ./USB_DEVICE/App/usbd_desc.o
 .comment       0x00000043       0x44 ./USB_DEVICE/Target/usbd_conf.o

.debug_frame    0x00000000     0x525c
 .debug_frame   0x00000000       0x7c ./Core/Src/adc.o
 .debug_frame   0x0000007c       0x34 ./Core/Src/gpio.o
 .debug_frame   0x000000b0       0x68 ./Core/Src/main.o
 .debug_frame   0x00000118       0x74 ./Core/Src/spi.o
 .debug_frame   0x0000018c       0x38 ./Core/Src/stm32f4xx_hal_msp.o
 .debug_frame   0x000001c4      0x120 ./Core/Src/stm32f4xx_it.o
 .debug_frame   0x000002e4       0x58 ./Core/Src/system_stm32f4xx.o
 .debug_frame   0x0000033c       0xcc ./Core/Src/tim.o
 .debug_frame   0x00000408      0x374 ./Drivers/STM32F4xx_HAL_Driver/Src/stm32f4xx_hal.o
 .debug_frame   0x0000077c      0x3fc ./Drivers/STM32F4xx_HAL_Driver/Src/stm32f4xx_hal_adc.o
 .debug_frame   0x00000b78      0x4b8 ./Drivers/STM32F4xx_HAL_Driver/Src/stm32f4xx_hal_cortex.o
 .debug_frame   0x00001030      0x14c ./Drivers/STM32F4xx_HAL_Driver/Src/stm32f4xx_hal_gpio.o
 .debug_frame   0x0000117c      0x5b8 ./Drivers/STM32F4xx_HAL_Driver/Src/stm32f4xx_hal_pcd.o
 .debug_frame   0x00001734       0xb0 ./Drivers/STM32F4xx_HAL_Driver/Src/stm32f4xx_hal_pcd_ex.o
 .debug_frame   0x000017e4      0x1f4 ./Drivers/STM32F4xx_HAL_Driver/Src/stm32f4xx_hal_rcc.o
 .debug_frame   0x000019d8      0x828 ./Drivers/STM32F4xx_HAL_Driver/Src/stm32f4xx_hal_spi.o
 .debug_frame   0x00002200     0x11b8 ./Drivers/STM32F4xx_HAL_Driver/Src/stm32f4xx_hal_tim.o
 .debug_frame   0x000033b8      0x638 ./Drivers/STM32F4xx_HAL_Driver/Src/stm32f4xx_hal_tim_ex.o
 .debug_frame   0x000039f0      0x7c0 ./Drivers/STM32F4xx_HAL_Driver/Src/stm32f4xx_ll_usb.o
 .debug_frame   0x000041b0      0x23c ./Middlewares/ST/STM32_USB_Device_Library/Class/CDC/Src/usbd_cdc.o
 .debug_frame   0x000043ec      0x390 ./Middlewares/ST/STM32_USB_Device_Library/Core/Src/usbd_core.o
 .debug_frame   0x0000477c      0x23c ./Middlewares/ST/STM32_USB_Device_Library/Core/Src/usbd_ctlreq.o
 .debug_frame   0x000049b8      0x10c ./Middlewares/ST/STM32_USB_Device_Library/Core/Src/usbd_ioreq.o
 .debug_frame   0x00004ac4       0x2c ./USB_DEVICE/App/usb_device.o
 .debug_frame   0x00004af0       0xe4 ./USB_DEVICE/App/usbd_cdc_if.o
 .debug_frame   0x00004bd4      0x160 ./USB_DEVICE/App/usbd_desc.o
 .debug_frame   0x00004d34      0x47c ./USB_DEVICE/Target/usbd_conf.o
 .debug_frame   0x000051b0       0x20 /Applications/STM32CubeIDE.app/Contents/Eclipse/plugins/com.st.stm32cube.ide.mcu.externaltools.gnu-tools-for-stm32.12.3.rel1.macos64_1.0.100.202403111906/tools/bin/../lib/gcc/arm-none-eabi/12.3.1/../../../../arm-none-eabi/lib/thumb/v7e-m+fp/hard/libc_nano.a(libc_a-memset.o)
 .debug_frame   0x000051d0       0x2c /Applications/STM32CubeIDE.app/Contents/Eclipse/plugins/com.st.stm32cube.ide.mcu.externaltools.gnu-tools-for-stm32.12.3.rel1.macos64_1.0.100.202403111906/tools/bin/../lib/gcc/arm-none-eabi/12.3.1/../../../../arm-none-eabi/lib/thumb/v7e-m+fp/hard/libc_nano.a(libc_a-init.o)
 .debug_frame   0x000051fc       0x2c /Applications/STM32CubeIDE.app/Contents/Eclipse/plugins/com.st.stm32cube.ide.mcu.externaltools.gnu-tools-for-stm32.12.3.rel1.macos64_1.0.100.202403111906/tools/bin/../lib/gcc/arm-none-eabi/12.3.1/thumb/v7e-m+fp/hard/libgcc.a(_aeabi_uldivmod.o)
 .debug_frame   0x00005228       0x34 /Applications/STM32CubeIDE.app/Contents/Eclipse/plugins/com.st.stm32cube.ide.mcu.externaltools.gnu-tools-for-stm32.12.3.rel1.macos64_1.0.100.202403111906/tools/bin/../lib/gcc/arm-none-eabi/12.3.1/thumb/v7e-m+fp/hard/libgcc.a(_udivmoddi4.o)

.debug_line_str
                0x00000000       0x81
 .debug_line_str
                0x00000000       0x81 ./Core/Startup/startup_stm32f411ceux.o